#0 building with "default" instance using docker driver

#1 [internal] load build definition from Dockerfile.clean
#1 transferring dockerfile: 614B done
#1 DONE 0.0s

#2 [internal] load metadata for mcr.microsoft.com/dotnet/sdk:9.0
#2 DONE 0.6s

#3 [internal] load metadata for mcr.microsoft.com/azure-functions/dotnet-isolated:4-dotnet-isolated9.0
#3 DONE 0.7s

#4 [internal] load .dockerignore
#4 transferring context: 2B done
#4 DONE 0.0s

#5 [build 1/6] FROM mcr.microsoft.com/dotnet/sdk:9.0@sha256:35048e3a81e6a07c316e7bbbd80d80d2ba705fe5f23a8ed42b6638c8f4c20d30
#5 resolve mcr.microsoft.com/dotnet/sdk:9.0@sha256:35048e3a81e6a07c316e7bbbd80d80d2ba705fe5f23a8ed42b6638c8f4c20d30 0.1s done
#5 DONE 0.1s

#6 [final 1/2] FROM mcr.microsoft.com/azure-functions/dotnet-isolated:4-dotnet-isolated9.0@sha256:4ba0a8dffed0cfa2445c304fd92e730397b4cb8039eac7b4ac5e4afa07dbcfa9
#6 resolve mcr.microsoft.com/azure-functions/dotnet-isolated:4-dotnet-isolated9.0@sha256:4ba0a8dffed0cfa2445c304fd92e730397b4cb8039eac7b4ac5e4afa07dbcfa9 0.1s done
#6 DONE 0.1s

#7 [internal] load build context
#7 transferring context: 281B done
#7 DONE 0.0s

#8 [build 6/6] RUN dotnet publish src/InstanaCrashLab/InstanaCrashLab.csproj -c Release -o /out --no-restore
#8 CACHED

#9 [build 3/6] COPY src/InstanaCrashLab/InstanaCrashLab.csproj src/InstanaCrashLab/
#9 CACHED

#10 [build 5/6] COPY src/InstanaCrashLab/ src/InstanaCrashLab/
#10 CACHED

#11 [build 2/6] WORKDIR /src
#11 CACHED

#12 [build 4/6] RUN dotnet restore src/InstanaCrashLab/InstanaCrashLab.csproj
#12 CACHED

#13 [final 2/2] COPY --from=build /out /home/site/wwwroot
#13 CACHED

#14 exporting to image
#14 exporting layers 0.0s done
#14 exporting manifest sha256:81ccb52bbcf76dee77839831473c4f2fe6ddda8fe02a50fa03800161adaa4a88 done
#14 exporting config sha256:f2b0f2eb754103d985037b73e304b87037e9e8d39f0367eaf1e6f78d0eac8803 0.0s done
#14 exporting attestation manifest sha256:89ad76f0d4cea36cefbda0bcff3786b4decba1912fd183a095b2be589b40ea2b
#14 exporting attestation manifest sha256:89ad76f0d4cea36cefbda0bcff3786b4decba1912fd183a095b2be589b40ea2b 0.1s done
#14 exporting manifest list sha256:39153885ec13b24cb434b2e17f97d8ed5df60dc2bee9b5aa4cdc6e2e642f25cd 0.0s done
#14 naming to docker.io/library/instana-dotnet9-lab:clean
#14 naming to docker.io/library/instana-dotnet9-lab:clean done
#14 unpacking to docker.io/library/instana-dotnet9-lab:clean 0.1s done
#14 DONE 0.4s
