#0 building with "default" instance using docker driver

#1 [internal] load build definition from Dockerfile.instana
#1 transferring dockerfile: 962B done
#1 DONE 0.0s

#2 [internal] load metadata for mcr.microsoft.com/dotnet/sdk:9.0
#2 DONE 0.1s

#3 [internal] load metadata for mcr.microsoft.com/azure-functions/dotnet-isolated:4-dotnet-isolated9.0
#3 DONE 0.6s

#4 [internal] load .dockerignore
#4 transferring context: 34B done
#4 DONE 0.0s

#5 [internal] load build context
#5 DONE 0.0s

#6 [final 1/2] FROM mcr.microsoft.com/azure-functions/dotnet-isolated:4-dotnet-isolated9.0@sha256:4ba0a8dffed0cfa2445c304fd92e730397b4cb8039eac7b4ac5e4afa07dbcfa9
#6 resolve mcr.microsoft.com/azure-functions/dotnet-isolated:4-dotnet-isolated9.0@sha256:4ba0a8dffed0cfa2445c304fd92e730397b4cb8039eac7b4ac5e4afa07dbcfa9
#6 resolve mcr.microsoft.com/azure-functions/dotnet-isolated:4-dotnet-isolated9.0@sha256:4ba0a8dffed0cfa2445c304fd92e730397b4cb8039eac7b4ac5e4afa07dbcfa9 0.2s done
#6 DONE 0.2s

#7 [instana-build 1/5] FROM mcr.microsoft.com/dotnet/sdk:9.0@sha256:35048e3a81e6a07c316e7bbbd80d80d2ba705fe5f23a8ed42b6638c8f4c20d30
#7 resolve mcr.microsoft.com/dotnet/sdk:9.0@sha256:35048e3a81e6a07c316e7bbbd80d80d2ba705fe5f23a8ed42b6638c8f4c20d30
#7 resolve mcr.microsoft.com/dotnet/sdk:9.0@sha256:35048e3a81e6a07c316e7bbbd80d80d2ba705fe5f23a8ed42b6638c8f4c20d30 0.2s done
#7 DONE 0.2s

#5 [internal] load build context
#5 transferring context: 2.56kB done
#5 DONE 0.0s

#8 [instana-build 2/5] WORKDIR /src
#8 CACHED

#9 [instana-build 3/5] COPY src/InstanaCrashLab/ src/InstanaCrashLab/
#9 DONE 0.2s

#10 [instana-build 4/5] RUN dotnet add src/InstanaCrashLab/InstanaCrashLab.csproj package Instana.Tracing.Core --version 1.321.2 &&     dotnet add src/InstanaCrashLab/InstanaCrashLab.csproj package Instana.Tracing.Core.Rewriter.Linux --version 1.321.2
#10 1.782   Determining projects to restore...
#10 2.057   Writing /tmp/tmpVQYOai.tmp
#10 2.343 info : X.509 certificate chain validation will use the fallback certificate bundle at '/usr/share/dotnet/sdk/9.0.317/trustedroots/codesignctl.pem'.
#10 2.443 info : X.509 certificate chain validation will use the fallback certificate bundle at '/usr/share/dotnet/sdk/9.0.317/trustedroots/timestampctl.pem'.
#10 2.448 info : Adding PackageReference for package 'Instana.Tracing.Core' into project 'src/InstanaCrashLab/InstanaCrashLab.csproj'.
#10 2.638 info : Restoring packages for /src/src/InstanaCrashLab/InstanaCrashLab.csproj...
#10 3.669 info :   GET https://api.nuget.org/v3-flatcontainer/microsoft.azure.functions.worker.sdk/index.json
#10 3.669 info :   GET https://api.nuget.org/v3-flatcontainer/microsoft.azure.functions.worker.extensions.http/index.json
#10 3.669 info :   GET https://api.nuget.org/v3-flatcontainer/instana.tracing.core/index.json
#10 3.672 info :   GET https://api.nuget.org/v3-flatcontainer/microsoft.azure.functions.worker/index.json
#10 3.914 info :   OK https://api.nuget.org/v3-flatcontainer/microsoft.azure.functions.worker.sdk/index.json 244ms
#10 3.996 info :   GET https://api.nuget.org/v3-flatcontainer/microsoft.azure.functions.worker.sdk/2.0.0/microsoft.azure.functions.worker.sdk.2.0.0.nupkg
#10 4.092 info :   OK https://api.nuget.org/v3-flatcontainer/microsoft.azure.functions.worker.extensions.http/index.json 423ms
#10 4.106 info :   GET https://api.nuget.org/v3-flatcontainer/microsoft.azure.functions.worker.extensions.http/3.3.0/microsoft.azure.functions.worker.extensions.http.3.3.0.nupkg
#10 4.109 info :   OK https://api.nuget.org/v3-flatcontainer/microsoft.azure.functions.worker.sdk/2.0.0/microsoft.azure.functions.worker.sdk.2.0.0.nupkg 113ms
#10 4.211 info :   OK https://api.nuget.org/v3-flatcontainer/microsoft.azure.functions.worker.extensions.http/3.3.0/microsoft.azure.functions.worker.extensions.http.3.3.0.nupkg 106ms
#10 4.376 info :   OK https://api.nuget.org/v3-flatcontainer/microsoft.azure.functions.worker/index.json 705ms
#10 4.380 info :   GET https://api.nuget.org/v3-flatcontainer/microsoft.azure.functions.worker/2.0.0/microsoft.azure.functions.worker.2.0.0.nupkg
#10 4.450 info :   OK https://api.nuget.org/v3-flatcontainer/microsoft.azure.functions.worker/2.0.0/microsoft.azure.functions.worker.2.0.0.nupkg 55ms
#10 4.459 info :   OK https://api.nuget.org/v3-flatcontainer/instana.tracing.core/index.json 790ms
#10 4.472 info :   GET https://api.nuget.org/v3-flatcontainer/instana.tracing.core/1.321.2/instana.tracing.core.1.321.2.nupkg
#10 4.524 info :   OK https://api.nuget.org/v3-flatcontainer/instana.tracing.core/1.321.2/instana.tracing.core.1.321.2.nupkg 40ms
#10 4.564 info :   GET https://api.nuget.org/v3-flatcontainer/microsoft.azure.functions.worker.core/index.json
#10 4.581 info :   GET https://api.nuget.org/v3-flatcontainer/microsoft.azure.functions.worker.extensions.abstractions/index.json
#10 4.585 info :   GET https://api.nuget.org/v3-flatcontainer/microsoft.azure.functions.worker.grpc/index.json
#10 4.822 info :   OK https://api.nuget.org/v3-flatcontainer/microsoft.azure.functions.worker.core/index.json 257ms
#10 4.831 info :   GET https://api.nuget.org/v3-flatcontainer/microsoft.azure.functions.worker.core/1.19.0/microsoft.azure.functions.worker.core.1.19.0.nupkg
#10 4.834 info :   GET https://api.nuget.org/v3-flatcontainer/microsoft.azure.functions.worker.core/2.0.0/microsoft.azure.functions.worker.core.2.0.0.nupkg
#10 4.889 info :   OK https://api.nuget.org/v3-flatcontainer/microsoft.azure.functions.worker.core/1.19.0/microsoft.azure.functions.worker.core.1.19.0.nupkg 56ms
#10 4.932 info :   OK https://api.nuget.org/v3-flatcontainer/microsoft.azure.functions.worker.core/2.0.0/microsoft.azure.functions.worker.core.2.0.0.nupkg 98ms
#10 5.146 info :   OK https://api.nuget.org/v3-flatcontainer/microsoft.azure.functions.worker.grpc/index.json 559ms
#10 5.159 info :   GET https://api.nuget.org/v3-flatcontainer/microsoft.azure.functions.worker.grpc/2.0.0/microsoft.azure.functions.worker.grpc.2.0.0.nupkg
#10 5.195 info :   OK https://api.nuget.org/v3-flatcontainer/microsoft.azure.functions.worker.grpc/2.0.0/microsoft.azure.functions.worker.grpc.2.0.0.nupkg 37ms
#10 5.325 info :   OK https://api.nuget.org/v3-flatcontainer/microsoft.azure.functions.worker.extensions.abstractions/index.json 740ms
#10 5.325 info :   GET https://api.nuget.org/v3-flatcontainer/microsoft.azure.functions.worker.extensions.abstractions/1.3.0/microsoft.azure.functions.worker.extensions.abstractions.1.3.0.nupkg
#10 5.403 info :   OK https://api.nuget.org/v3-flatcontainer/microsoft.azure.functions.worker.extensions.abstractions/1.3.0/microsoft.azure.functions.worker.extensions.abstractions.1.3.0.nupkg 76ms
#10 5.670 info :   GET https://api.nuget.org/v3-flatcontainer/microsoft.azure.functions.worker.sdk.generators/index.json
#10 5.673 info :   GET https://api.nuget.org/v3-flatcontainer/azure.core/index.json
#10 5.674 info :   GET https://api.nuget.org/v3-flatcontainer/microsoft.azure.functions.worker.sdk.analyzers/index.json
#10 5.676 info :   GET https://api.nuget.org/v3-flatcontainer/google.protobuf/index.json
#10 5.677 info :   GET https://api.nuget.org/v3-flatcontainer/microsoft.extensions.hosting/index.json
#10 5.678 info :   GET https://api.nuget.org/v3-flatcontainer/grpc.net.clientfactory/index.json
#10 5.732 info :   OK https://api.nuget.org/v3-flatcontainer/azure.core/index.json 59ms
#10 5.735 info :   GET https://api.nuget.org/v3-flatcontainer/azure.core/1.44.1/azure.core.1.44.1.nupkg
#10 5.762 info :   OK https://api.nuget.org/v3-flatcontainer/google.protobuf/index.json 70ms
#10 5.762 info :   OK https://api.nuget.org/v3-flatcontainer/azure.core/1.44.1/azure.core.1.44.1.nupkg 10ms
#10 5.762 info :   GET https://api.nuget.org/v3-flatcontainer/google.protobuf/3.28.0/google.protobuf.3.28.0.nupkg
#10 5.771 info :   OK https://api.nuget.org/v3-flatcontainer/google.protobuf/3.28.0/google.protobuf.3.28.0.nupkg 19ms
#10 5.910 info :   OK https://api.nuget.org/v3-flatcontainer/microsoft.extensions.hosting/index.json 230ms
#10 5.912 info :   OK https://api.nuget.org/v3-flatcontainer/microsoft.azure.functions.worker.sdk.analyzers/index.json 238ms
#10 5.919 info :   GET https://api.nuget.org/v3-flatcontainer/microsoft.azure.functions.worker.sdk.analyzers/1.2.2/microsoft.azure.functions.worker.sdk.analyzers.1.2.2.nupkg
#10 5.922 info :   OK https://api.nuget.org/v3-flatcontainer/grpc.net.clientfactory/index.json 241ms
#10 5.933 info :   GET https://api.nuget.org/v3-flatcontainer/microsoft.extensions.hosting/9.0.0/microsoft.extensions.hosting.9.0.0.nupkg
#10 5.941 info :   GET https://api.nuget.org/v3-flatcontainer/grpc.net.clientfactory/2.65.0/grpc.net.clientfactory.2.65.0.nupkg
#10 5.944 info :   OK https://api.nuget.org/v3-flatcontainer/microsoft.azure.functions.worker.sdk.analyzers/1.2.2/microsoft.azure.functions.worker.sdk.analyzers.1.2.2.nupkg 28ms
#10 5.967 info :   OK https://api.nuget.org/v3-flatcontainer/grpc.net.clientfactory/2.65.0/grpc.net.clientfactory.2.65.0.nupkg 26ms
#10 5.976 info :   OK https://api.nuget.org/v3-flatcontainer/microsoft.extensions.hosting/9.0.0/microsoft.extensions.hosting.9.0.0.nupkg 37ms
#10 6.066 info :   OK https://api.nuget.org/v3-flatcontainer/microsoft.azure.functions.worker.sdk.generators/index.json 388ms
#10 6.066 info :   GET https://api.nuget.org/v3-flatcontainer/microsoft.azure.functions.worker.sdk.generators/1.3.4/microsoft.azure.functions.worker.sdk.generators.1.3.4.nupkg
#10 6.084 info :   OK https://api.nuget.org/v3-flatcontainer/microsoft.azure.functions.worker.sdk.generators/1.3.4/microsoft.azure.functions.worker.sdk.generators.1.3.4.nupkg 17ms
#10 6.131 info :   GET https://api.nuget.org/v3-flatcontainer/system.threading.tasks.extensions/index.json
#10 6.132 info :   GET https://api.nuget.org/v3-flatcontainer/microsoft.bcl.asyncinterfaces/index.json
#10 6.132 info :   GET https://api.nuget.org/v3-flatcontainer/system.text.json/index.json
#10 6.133 info :   GET https://api.nuget.org/v3-flatcontainer/system.diagnostics.diagnosticsource/index.json
#10 6.139 info :   GET https://api.nuget.org/v3-flatcontainer/system.text.encodings.web/index.json
#10 6.140 info :   GET https://api.nuget.org/v3-flatcontainer/system.clientmodel/index.json
#10 6.142 info :   GET https://api.nuget.org/v3-flatcontainer/microsoft.extensions.configuration.commandline/index.json
#10 6.142 info :   GET https://api.nuget.org/v3-flatcontainer/system.memory.data/index.json
#10 6.142 info :   GET https://api.nuget.org/v3-flatcontainer/microsoft.extensions.configuration.binder/index.json
#10 6.147 info :   GET https://api.nuget.org/v3-flatcontainer/system.numerics.vectors/index.json
#10 6.147 info :   GET https://api.nuget.org/v3-flatcontainer/microsoft.extensions.configuration.fileextensions/index.json
#10 6.147 info :   GET https://api.nuget.org/v3-flatcontainer/microsoft.extensions.configuration.environmentvariables/index.json
#10 6.147 info :   GET https://api.nuget.org/v3-flatcontainer/microsoft.extensions.configuration.json/index.json
#10 6.147 info :   GET https://api.nuget.org/v3-flatcontainer/microsoft.extensions.configuration.abstractions/index.json
#10 6.147 info :   GET https://api.nuget.org/v3-flatcontainer/microsoft.extensions.configuration.usersecrets/index.json
#10 6.147 info :   GET https://api.nuget.org/v3-flatcontainer/microsoft.extensions.configuration/index.json
#10 6.147 info :   GET https://api.nuget.org/v3-flatcontainer/microsoft.extensions.dependencyinjection/index.json
#10 6.147 info :   GET https://api.nuget.org/v3-flatcontainer/microsoft.extensions.dependencyinjection.abstractions/index.json
#10 6.147 info :   GET https://api.nuget.org/v3-flatcontainer/microsoft.extensions.diagnostics/index.json
#10 6.147 info :   GET https://api.nuget.org/v3-flatcontainer/microsoft.extensions.logging.abstractions/index.json
#10 6.147 info :   GET https://api.nuget.org/v3-flatcontainer/microsoft.extensions.fileproviders.physical/index.json
#10 6.147 info :   GET https://api.nuget.org/v3-flatcontainer/microsoft.extensions.fileproviders.abstractions/index.json
#10 6.147 info :   GET https://api.nuget.org/v3-flatcontainer/microsoft.extensions.logging.configuration/index.json
#10 6.148 info :   GET https://api.nuget.org/v3-flatcontainer/microsoft.extensions.logging.debug/index.json
#10 6.148 info :   GET https://api.nuget.org/v3-flatcontainer/microsoft.extensions.logging.eventlog/index.json
#10 6.150 info :   GET https://api.nuget.org/v3-flatcontainer/microsoft.extensions.hosting.abstractions/index.json
#10 6.150 info :   GET https://api.nuget.org/v3-flatcontainer/microsoft.extensions.logging.eventsource/index.json
#10 6.150 info :   GET https://api.nuget.org/v3-flatcontainer/microsoft.extensions.http/index.json
#10 6.150 info :   GET https://api.nuget.org/v3-flatcontainer/microsoft.extensions.options/index.json
#10 6.150 info :   GET https://api.nuget.org/v3-flatcontainer/grpc.net.client/index.json
#10 6.151 info :   GET https://api.nuget.org/v3-flatcontainer/microsoft.extensions.logging/index.json
#10 6.152 info :   GET https://api.nuget.org/v3-flatcontainer/microsoft.extensions.logging.console/index.json
#10 6.207 info :   OK https://api.nuget.org/v3-flatcontainer/system.threading.tasks.extensions/index.json 73ms
#10 6.207 info :   OK https://api.nuget.org/v3-flatcontainer/system.text.json/index.json 72ms
#10 6.207 info :   OK https://api.nuget.org/v3-flatcontainer/microsoft.bcl.asyncinterfaces/index.json 74ms
#10 6.207 info :   OK https://api.nuget.org/v3-flatcontainer/system.clientmodel/index.json 67ms
#10 6.208 info :   GET https://api.nuget.org/v3-flatcontainer/microsoft.bcl.asyncinterfaces/6.0.0/microsoft.bcl.asyncinterfaces.6.0.0.nupkg
#10 6.209 info :   GET https://api.nuget.org/v3-flatcontainer/system.clientmodel/1.1.0/system.clientmodel.1.1.0.nupkg
#10 6.210 info :   GET https://api.nuget.org/v3-flatcontainer/system.text.json/6.0.10/system.text.json.6.0.10.nupkg
#10 6.210 info :   GET https://api.nuget.org/v3-flatcontainer/system.threading.tasks.extensions/4.5.4/system.threading.tasks.extensions.4.5.4.nupkg
#10 6.271 info :   OK https://api.nuget.org/v3-flatcontainer/microsoft.extensions.configuration.commandline/index.json 128ms
#10 6.271 info :   OK https://api.nuget.org/v3-flatcontainer/system.memory.data/index.json 128ms
#10 6.277 info :   OK https://api.nuget.org/v3-flatcontainer/system.numerics.vectors/index.json 134ms
#10 6.278 info :   GET https://api.nuget.org/v3-flatcontainer/system.memory.data/6.0.0/system.memory.data.6.0.0.nupkg
#10 6.278 info :   GET https://api.nuget.org/v3-flatcontainer/system.numerics.vectors/4.5.0/system.numerics.vectors.4.5.0.nupkg
#10 6.294 info :   GET https://api.nuget.org/v3-flatcontainer/microsoft.extensions.configuration.commandline/9.0.0/microsoft.extensions.configuration.commandline.9.0.0.nupkg
#10 6.310 info :   OK https://api.nuget.org/v3-flatcontainer/microsoft.extensions.configuration.environmentvariables/index.json 164ms
#10 6.312 info :   GET https://api.nuget.org/v3-flatcontainer/microsoft.extensions.configuration.environmentvariables/9.0.0/microsoft.extensions.configuration.environmentvariables.9.0.0.nupkg
#10 6.341 info :   OK https://api.nuget.org/v3-flatcontainer/system.text.encodings.web/index.json 198ms
#10 6.341 info :   OK https://api.nuget.org/v3-flatcontainer/microsoft.extensions.configuration.abstractions/index.json 196ms
#10 6.343 info :   GET https://api.nuget.org/v3-flatcontainer/microsoft.extensions.configuration.abstractions/9.0.0/microsoft.extensions.configuration.abstractions.9.0.0.nupkg
#10 6.344 info :   GET https://api.nuget.org/v3-flatcontainer/system.text.encodings.web/6.0.0/system.text.encodings.web.6.0.0.nupkg
#10 6.356 info :   OK https://api.nuget.org/v3-flatcontainer/system.diagnostics.diagnosticsource/index.json 221ms
#10 6.370 info :   GET https://api.nuget.org/v3-flatcontainer/system.diagnostics.diagnosticsource/6.0.1/system.diagnostics.diagnosticsource.6.0.1.nupkg
#10 6.444 info :   OK https://api.nuget.org/v3-flatcontainer/microsoft.extensions.dependencyinjection.abstractions/index.json 295ms
#10 6.447 info :   GET https://api.nuget.org/v3-flatcontainer/microsoft.extensions.dependencyinjection.abstractions/9.0.0/microsoft.extensions.dependencyinjection.abstractions.9.0.0.nupkg
#10 6.461 info :   OK https://api.nuget.org/v3-flatcontainer/microsoft.extensions.diagnostics/index.json 315ms
#10 6.464 info :   OK https://api.nuget.org/v3-flatcontainer/microsoft.extensions.configuration.binder/index.json 319ms
#10 6.468 info :   GET https://api.nuget.org/v3-flatcontainer/microsoft.extensions.diagnostics/9.0.0/microsoft.extensions.diagnostics.9.0.0.nupkg
#10 6.468 info :   OK https://api.nuget.org/v3-flatcontainer/microsoft.extensions.configuration.fileextensions/index.json 323ms
#10 6.468 info :   GET https://api.nuget.org/v3-flatcontainer/microsoft.extensions.configuration.binder/9.0.0/microsoft.extensions.configuration.binder.9.0.0.nupkg
#10 6.475 info :   GET https://api.nuget.org/v3-flatcontainer/microsoft.extensions.configuration.fileextensions/9.0.0/microsoft.extensions.configuration.fileextensions.9.0.0.nupkg
#10 6.559 info :   OK https://api.nuget.org/v3-flatcontainer/microsoft.extensions.configuration.json/index.json 414ms
#10 6.562 info :   OK https://api.nuget.org/v3-flatcontainer/microsoft.extensions.fileproviders.abstractions/index.json 413ms
#10 6.566 info :   OK https://api.nuget.org/v3-flatcontainer/microsoft.extensions.fileproviders.physical/index.json 416ms
#10 6.569 info :   GET https://api.nuget.org/v3-flatcontainer/microsoft.extensions.fileproviders.abstractions/9.0.0/microsoft.extensions.fileproviders.abstractions.9.0.0.nupkg
#10 6.569 info :   OK https://api.nuget.org/v3-flatcontainer/microsoft.extensions.configuration.usersecrets/index.json 422ms
#10 6.569 info :   GET https://api.nuget.org/v3-flatcontainer/microsoft.extensions.fileproviders.physical/9.0.0/microsoft.extensions.fileproviders.physical.9.0.0.nupkg
#10 6.572 info :   GET https://api.nuget.org/v3-flatcontainer/microsoft.extensions.configuration.json/9.0.0/microsoft.extensions.configuration.json.9.0.0.nupkg
#10 6.572 info :   OK https://api.nuget.org/v3-flatcontainer/microsoft.extensions.dependencyinjection/index.json 418ms
#10 6.572 info :   GET https://api.nuget.org/v3-flatcontainer/microsoft.extensions.configuration.usersecrets/9.0.0/microsoft.extensions.configuration.usersecrets.9.0.0.nupkg
#10 6.573 info :   OK https://api.nuget.org/v3-flatcontainer/microsoft.extensions.logging.configuration/index.json 416ms
#10 6.575 info :   GET https://api.nuget.org/v3-flatcontainer/microsoft.extensions.dependencyinjection/9.0.0/microsoft.extensions.dependencyinjection.9.0.0.nupkg
#10 6.576 info :   GET https://api.nuget.org/v3-flatcontainer/microsoft.extensions.logging.configuration/9.0.0/microsoft.extensions.logging.configuration.9.0.0.nupkg
#10 6.645 info :   OK https://api.nuget.org/v3-flatcontainer/microsoft.extensions.configuration/index.json 498ms
#10 6.651 info :   OK https://api.nuget.org/v3-flatcontainer/microsoft.extensions.logging.abstractions/index.json 501ms
#10 6.653 info :   OK https://api.nuget.org/v3-flatcontainer/microsoft.extensions.http/index.json 503ms
#10 6.656 info :   OK https://api.nuget.org/v3-flatcontainer/microsoft.extensions.options/index.json 502ms
#10 6.658 info :   GET https://api.nuget.org/v3-flatcontainer/microsoft.extensions.options/9.0.0/microsoft.extensions.options.9.0.0.nupkg
#10 6.658 info :   GET https://api.nuget.org/v3-flatcontainer/microsoft.extensions.http/6.0.0/microsoft.extensions.http.6.0.0.nupkg
#10 6.658 info :   GET https://api.nuget.org/v3-flatcontainer/microsoft.extensions.logging.abstractions/9.0.0/microsoft.extensions.logging.abstractions.9.0.0.nupkg
#10 6.659 info :   GET https://api.nuget.org/v3-flatcontainer/microsoft.extensions.configuration/9.0.0/microsoft.extensions.configuration.9.0.0.nupkg
#10 6.672 info :   OK https://api.nuget.org/v3-flatcontainer/system.clientmodel/1.1.0/system.clientmodel.1.1.0.nupkg 459ms
#10 6.672 info :   OK https://api.nuget.org/v3-flatcontainer/microsoft.bcl.asyncinterfaces/6.0.0/microsoft.bcl.asyncinterfaces.6.0.0.nupkg 462ms
#10 6.709 info :   GET https://api.nuget.org/v3-flatcontainer/system.memory.data/1.0.2/system.memory.data.1.0.2.nupkg
#10 6.709 info :   GET https://api.nuget.org/v3-flatcontainer/system.text.json/6.0.9/system.text.json.6.0.9.nupkg
#10 6.719 info :   OK https://api.nuget.org/v3-flatcontainer/system.threading.tasks.extensions/4.5.4/system.threading.tasks.extensions.4.5.4.nupkg 508ms
#10 6.719 info :   OK https://api.nuget.org/v3-flatcontainer/system.text.json/6.0.10/system.text.json.6.0.10.nupkg 509ms
#10 6.728 info :   OK https://api.nuget.org/v3-flatcontainer/microsoft.extensions.logging/index.json 577ms
#10 6.730 info :   GET https://api.nuget.org/v3-flatcontainer/microsoft.extensions.logging/9.0.0/microsoft.extensions.logging.9.0.0.nupkg
#10 6.764 info :   OK https://api.nuget.org/v3-flatcontainer/system.memory.data/6.0.0/system.memory.data.6.0.0.nupkg 485ms
#10 6.789 info :   OK https://api.nuget.org/v3-flatcontainer/system.numerics.vectors/4.5.0/system.numerics.vectors.4.5.0.nupkg 510ms
#10 6.792 info :   OK https://api.nuget.org/v3-flatcontainer/microsoft.extensions.configuration.environmentvariables/9.0.0/microsoft.extensions.configuration.environmentvariables.9.0.0.nupkg 479ms
#10 6.798 info :   OK https://api.nuget.org/v3-flatcontainer/microsoft.extensions.configuration.commandline/9.0.0/microsoft.extensions.configuration.commandline.9.0.0.nupkg 512ms
#10 6.798 info :   OK https://api.nuget.org/v3-flatcontainer/microsoft.extensions.hosting.abstractions/index.json 649ms
#10 6.801 info :   OK https://api.nuget.org/v3-flatcontainer/microsoft.extensions.logging.debug/index.json 651ms
#10 6.801 info :   GET https://api.nuget.org/v3-flatcontainer/microsoft.extensions.logging.debug/9.0.0/microsoft.extensions.logging.debug.9.0.0.nupkg
#10 6.801 info :   GET https://api.nuget.org/v3-flatcontainer/microsoft.extensions.hosting.abstractions/9.0.0/microsoft.extensions.hosting.abstractions.9.0.0.nupkg
#10 6.815 info :   OK https://api.nuget.org/v3-flatcontainer/system.diagnostics.diagnosticsource/6.0.1/system.diagnostics.diagnosticsource.6.0.1.nupkg 445ms
#10 6.815 info :   OK https://api.nuget.org/v3-flatcontainer/system.text.encodings.web/6.0.0/system.text.encodings.web.6.0.0.nupkg 471ms
#10 6.823 info :   OK https://api.nuget.org/v3-flatcontainer/microsoft.extensions.configuration.abstractions/9.0.0/microsoft.extensions.configuration.abstractions.9.0.0.nupkg 478ms
#10 6.830 info :   OK https://api.nuget.org/v3-flatcontainer/microsoft.extensions.dependencyinjection.abstractions/9.0.0/microsoft.extensions.dependencyinjection.abstractions.9.0.0.nupkg 382ms
#10 6.836 info :   OK https://api.nuget.org/v3-flatcontainer/microsoft.extensions.logging.eventsource/index.json 686ms
#10 6.837 info :   GET https://api.nuget.org/v3-flatcontainer/microsoft.extensions.logging.eventsource/9.0.0/microsoft.extensions.logging.eventsource.9.0.0.nupkg
#10 6.862 info :   OK https://api.nuget.org/v3-flatcontainer/microsoft.extensions.logging.console/index.json 710ms
#10 6.864 info :   GET https://api.nuget.org/v3-flatcontainer/microsoft.extensions.logging.console/9.0.0/microsoft.extensions.logging.console.9.0.0.nupkg
#10 6.920 info :   OK https://api.nuget.org/v3-flatcontainer/microsoft.extensions.diagnostics/9.0.0/microsoft.extensions.diagnostics.9.0.0.nupkg 447ms
#10 6.927 info :   OK https://api.nuget.org/v3-flatcontainer/microsoft.extensions.logging.eventlog/index.json 771ms
#10 6.932 info :   OK https://api.nuget.org/v3-flatcontainer/microsoft.extensions.configuration.fileextensions/9.0.0/microsoft.extensions.configuration.fileextensions.9.0.0.nupkg 456ms
#10 6.934 info :   GET https://api.nuget.org/v3-flatcontainer/system.text.json/6.0.0/system.text.json.6.0.0.nupkg
#10 6.935 info :   OK https://api.nuget.org/v3-flatcontainer/microsoft.extensions.fileproviders.abstractions/9.0.0/microsoft.extensions.fileproviders.abstractions.9.0.0.nupkg 366ms
#10 6.939 info :   GET https://api.nuget.org/v3-flatcontainer/system.runtime.compilerservices.unsafe/index.json
#10 6.941 info :   OK https://api.nuget.org/v3-flatcontainer/grpc.net.client/index.json 775ms
#10 6.941 info :   OK https://api.nuget.org/v3-flatcontainer/microsoft.extensions.configuration.binder/9.0.0/microsoft.extensions.configuration.binder.9.0.0.nupkg 471ms
#10 6.943 info :   GET https://api.nuget.org/v3-flatcontainer/grpc.net.client/2.65.0/grpc.net.client.2.65.0.nupkg
#10 6.943 info :   GET https://api.nuget.org/v3-flatcontainer/microsoft.extensions.logging.eventlog/9.0.0/microsoft.extensions.logging.eventlog.9.0.0.nupkg
#10 6.986 info :   OK https://api.nuget.org/v3-flatcontainer/microsoft.extensions.configuration.json/9.0.0/microsoft.extensions.configuration.json.9.0.0.nupkg 407ms
#10 7.005 info :   OK https://api.nuget.org/v3-flatcontainer/microsoft.extensions.configuration.usersecrets/9.0.0/microsoft.extensions.configuration.usersecrets.9.0.0.nupkg 432ms
#10 7.007 info :   OK https://api.nuget.org/v3-flatcontainer/microsoft.extensions.fileproviders.physical/9.0.0/microsoft.extensions.fileproviders.physical.9.0.0.nupkg 431ms
#10 7.008 info :   OK https://api.nuget.org/v3-flatcontainer/microsoft.extensions.logging.configuration/9.0.0/microsoft.extensions.logging.configuration.9.0.0.nupkg 431ms
#10 7.008 info :   OK https://api.nuget.org/v3-flatcontainer/microsoft.extensions.dependencyinjection/9.0.0/microsoft.extensions.dependencyinjection.9.0.0.nupkg 431ms
#10 7.008 info :   OK https://api.nuget.org/v3-flatcontainer/microsoft.extensions.options/9.0.0/microsoft.extensions.options.9.0.0.nupkg 350ms
#10 7.053 info :   OK https://api.nuget.org/v3-flatcontainer/microsoft.extensions.http/6.0.0/microsoft.extensions.http.6.0.0.nupkg 394ms
#10 7.053 info :   OK https://api.nuget.org/v3-flatcontainer/microsoft.extensions.logging.abstractions/9.0.0/microsoft.extensions.logging.abstractions.9.0.0.nupkg 394ms
#10 7.097 info :   OK https://api.nuget.org/v3-flatcontainer/microsoft.extensions.configuration/9.0.0/microsoft.extensions.configuration.9.0.0.nupkg 436ms
#10 7.097 info :   OK https://api.nuget.org/v3-flatcontainer/system.memory.data/1.0.2/system.memory.data.1.0.2.nupkg 387ms
#10 7.117 info :   OK https://api.nuget.org/v3-flatcontainer/system.text.json/6.0.9/system.text.json.6.0.9.nupkg 406ms
#10 7.117 info :   OK https://api.nuget.org/v3-flatcontainer/microsoft.extensions.hosting.abstractions/9.0.0/microsoft.extensions.hosting.abstractions.9.0.0.nupkg 315ms
#10 7.142 info :   OK https://api.nuget.org/v3-flatcontainer/microsoft.extensions.logging.debug/9.0.0/microsoft.extensions.logging.debug.9.0.0.nupkg 341ms
#10 7.147 info :   OK https://api.nuget.org/v3-flatcontainer/microsoft.extensions.logging/9.0.0/microsoft.extensions.logging.9.0.0.nupkg 416ms
#10 7.189 info :   OK https://api.nuget.org/v3-flatcontainer/system.text.json/6.0.0/system.text.json.6.0.0.nupkg 254ms
#10 7.197 info :   OK https://api.nuget.org/v3-flatcontainer/microsoft.extensions.logging.console/9.0.0/microsoft.extensions.logging.console.9.0.0.nupkg 333ms
#10 7.198 info :   OK https://api.nuget.org/v3-flatcontainer/microsoft.extensions.logging.eventsource/9.0.0/microsoft.extensions.logging.eventsource.9.0.0.nupkg 360ms
#10 7.260 info :   OK https://api.nuget.org/v3-flatcontainer/grpc.net.client/2.65.0/grpc.net.client.2.65.0.nupkg 317ms
#10 7.265 info :   OK https://api.nuget.org/v3-flatcontainer/microsoft.extensions.logging.eventlog/9.0.0/microsoft.extensions.logging.eventlog.9.0.0.nupkg 321ms
#10 7.338 info :   GET https://api.nuget.org/v3-flatcontainer/microsoft.extensions.primitives/index.json
#10 7.419 info :   OK https://api.nuget.org/v3-flatcontainer/system.runtime.compilerservices.unsafe/index.json 473ms
#10 7.426 info :   GET https://api.nuget.org/v3-flatcontainer/system.runtime.compilerservices.unsafe/6.0.0/system.runtime.compilerservices.unsafe.6.0.0.nupkg
#10 7.456 info :   OK https://api.nuget.org/v3-flatcontainer/microsoft.extensions.primitives/index.json 117ms
#10 7.462 info :   GET https://api.nuget.org/v3-flatcontainer/microsoft.extensions.primitives/9.0.0/microsoft.extensions.primitives.9.0.0.nupkg
#10 7.536 info :   OK https://api.nuget.org/v3-flatcontainer/system.runtime.compilerservices.unsafe/6.0.0/system.runtime.compilerservices.unsafe.6.0.0.nupkg 100ms
#10 7.584 info :   GET https://api.nuget.org/v3-flatcontainer/microsoft.extensions.diagnostics.abstractions/index.json
#10 7.584 info :   GET https://api.nuget.org/v3-flatcontainer/microsoft.extensions.options.configurationextensions/index.json
#10 7.585 info :   OK https://api.nuget.org/v3-flatcontainer/microsoft.extensions.primitives/9.0.0/microsoft.extensions.primitives.9.0.0.nupkg 122ms
#10 7.585 info :   GET https://api.nuget.org/v3-flatcontainer/microsoft.extensions.options/6.0.0/microsoft.extensions.options.6.0.0.nupkg
#10 7.588 info :   GET https://api.nuget.org/v3-flatcontainer/microsoft.extensions.logging/6.0.0/microsoft.extensions.logging.6.0.0.nupkg
#10 7.588 info :   GET https://api.nuget.org/v3-flatcontainer/microsoft.extensions.filesystemglobbing/index.json
#10 7.615 info :   GET https://api.nuget.org/v3-flatcontainer/microsoft.extensions.dependencyinjection.abstractions/6.0.0/microsoft.extensions.dependencyinjection.abstractions.6.0.0.nupkg
#10 7.620 info :   GET https://api.nuget.org/v3-flatcontainer/microsoft.extensions.logging.abstractions/6.0.0/microsoft.extensions.logging.abstractions.6.0.0.nupkg
#10 7.623 info :   OK https://api.nuget.org/v3-flatcontainer/microsoft.extensions.logging/6.0.0/microsoft.extensions.logging.6.0.0.nupkg 34ms
#10 7.625 info :   GET https://api.nuget.org/v3-flatcontainer/system.diagnostics.eventlog/index.json
#10 7.650 info :   GET https://api.nuget.org/v3-flatcontainer/grpc.net.common/index.json
#10 7.653 info :   OK https://api.nuget.org/v3-flatcontainer/microsoft.extensions.dependencyinjection.abstractions/6.0.0/microsoft.extensions.dependencyinjection.abstractions.6.0.0.nupkg 40ms
#10 7.654 info :   OK https://api.nuget.org/v3-flatcontainer/microsoft.extensions.options/6.0.0/microsoft.extensions.options.6.0.0.nupkg 41ms
#10 7.662 info :   OK https://api.nuget.org/v3-flatcontainer/microsoft.extensions.diagnostics.abstractions/index.json 81ms
#10 7.662 info :   OK https://api.nuget.org/v3-flatcontainer/microsoft.extensions.options.configurationextensions/index.json 81ms
#10 7.666 info :   OK https://api.nuget.org/v3-flatcontainer/microsoft.extensions.logging.abstractions/6.0.0/microsoft.extensions.logging.abstractions.6.0.0.nupkg 45ms
#10 7.687 info :   GET https://api.nuget.org/v3-flatcontainer/microsoft.extensions.diagnostics.abstractions/9.0.0/microsoft.extensions.diagnostics.abstractions.9.0.0.nupkg
#10 7.687 info :   GET https://api.nuget.org/v3-flatcontainer/microsoft.extensions.options.configurationextensions/9.0.0/microsoft.extensions.options.configurationextensions.9.0.0.nupkg
#10 7.711 info :   OK https://api.nuget.org/v3-flatcontainer/microsoft.extensions.diagnostics.abstractions/9.0.0/microsoft.extensions.diagnostics.abstractions.9.0.0.nupkg 22ms
#10 7.720 info :   OK https://api.nuget.org/v3-flatcontainer/microsoft.extensions.options.configurationextensions/9.0.0/microsoft.extensions.options.configurationextensions.9.0.0.nupkg 26ms
#10 7.797 info :   OK https://api.nuget.org/v3-flatcontainer/microsoft.extensions.filesystemglobbing/index.json 208ms
#10 7.799 info :   GET https://api.nuget.org/v3-flatcontainer/microsoft.extensions.filesystemglobbing/9.0.0/microsoft.extensions.filesystemglobbing.9.0.0.nupkg
#10 7.823 info :   OK https://api.nuget.org/v3-flatcontainer/microsoft.extensions.filesystemglobbing/9.0.0/microsoft.extensions.filesystemglobbing.9.0.0.nupkg 21ms
#10 7.823 info :   OK https://api.nuget.org/v3-flatcontainer/system.diagnostics.eventlog/index.json 195ms
#10 7.826 info :   GET https://api.nuget.org/v3-flatcontainer/system.diagnostics.eventlog/9.0.0/system.diagnostics.eventlog.9.0.0.nupkg
#10 7.841 info :   OK https://api.nuget.org/v3-flatcontainer/system.diagnostics.eventlog/9.0.0/system.diagnostics.eventlog.9.0.0.nupkg 12ms
#10 7.849 info :   OK https://api.nuget.org/v3-flatcontainer/grpc.net.common/index.json 198ms
#10 7.851 info :   GET https://api.nuget.org/v3-flatcontainer/grpc.net.common/2.65.0/grpc.net.common.2.65.0.nupkg
#10 7.874 info :   OK https://api.nuget.org/v3-flatcontainer/grpc.net.common/2.65.0/grpc.net.common.2.65.0.nupkg 20ms
#10 7.910 info :   GET https://api.nuget.org/v3-flatcontainer/grpc.core.api/index.json
#10 8.118 info :   OK https://api.nuget.org/v3-flatcontainer/grpc.core.api/index.json 208ms
#10 8.125 info :   GET https://api.nuget.org/v3-flatcontainer/grpc.core.api/2.65.0/grpc.core.api.2.65.0.nupkg
#10 8.144 info :   OK https://api.nuget.org/v3-flatcontainer/grpc.core.api/2.65.0/grpc.core.api.2.65.0.nupkg 19ms
#10 8.933 info : Installed Microsoft.Extensions.Logging.EventSource 9.0.0 from https://api.nuget.org/v3/index.json to /root/.nuget/packages/microsoft.extensions.logging.eventsource/9.0.0 with content hash zvSjdOAb3HW3aJPM5jf+PR9UoIkoci9id80RXmBgrDEozWI0GDw8tdmpyZgZSwFDvGCwHFodFLNQaeH8879rlA==.
#10 8.947 info : Installed Microsoft.Azure.Functions.Worker.Sdk.Analyzers 1.2.2 from https://api.nuget.org/v3/index.json to /root/.nuget/packages/microsoft.azure.functions.worker.sdk.analyzers/1.2.2 with content hash v+GWIfC2Or3nxriew6JLT0yRGmhqYI84ALLqbQSyj/j9Z6ZQi2dh9iO9i3jmHAqiVFmIC2Aing/0eYQ0pObU4w==.
#10 8.984 info : Installed Microsoft.Extensions.FileProviders.Abstractions 9.0.0 from https://api.nuget.org/v3/index.json to /root/.nuget/packages/microsoft.extensions.fileproviders.abstractions/9.0.0 with content hash uK439QzYR0q2emLVtYzwyK3x+T5bTY4yWsd/k/ZUS9LR6Sflp8MIdhGXW8kQCd86dQD4tLqvcbLkku8qHY263Q==.
#10 8.988 info : Installed Microsoft.Azure.Functions.Worker.Grpc 2.0.0 from https://api.nuget.org/v3/index.json to /root/.nuget/packages/microsoft.azure.functions.worker.grpc/2.0.0 with content hash NiOm+1EWQy7fz1kl08hCmIym2L36jREXXvQPao75zh7Tx7UCpV2IoH/BxmssWaGJPpup9cyKg3NsXEVFhc7qkQ==.
#10 8.998 info : Installed Microsoft.Extensions.Hosting.Abstractions 9.0.0 from https://api.nuget.org/v3/index.json to /root/.nuget/packages/microsoft.extensions.hosting.abstractions/9.0.0 with content hash yUKJgu81ExjvqbNWqZKshBbLntZMbMVz/P7Way2SBx7bMqA08Mfdc9O7hWDKAiSp+zPUGT6LKcSCQIPeDK+CCw==.
#10 9.086 info : Installed Microsoft.Azure.Functions.Worker 2.0.0 from https://api.nuget.org/v3/index.json to /root/.nuget/packages/microsoft.azure.functions.worker/2.0.0 with content hash vK0+XApQq2vDSbJxqrflliGLVILRl66gMfZrlv8yemGKdoh2KI7l4zQPW8ibCThznC2PEMp60+a1D3wp09ZXEg==.
#10 9.119 info : Installed Microsoft.Extensions.Configuration.CommandLine 9.0.0 from https://api.nuget.org/v3/index.json to /root/.nuget/packages/microsoft.extensions.configuration.commandline/9.0.0 with content hash qD+hdkBtR9Ps7AxfhTJCnoVakkadHgHlD1WRN0QHGHod+SDuca1ao1kF4G2rmpAz2AEKrE2N2vE8CCCZ+ILnNw==.
#10 9.199 info : Installed Microsoft.Azure.Functions.Worker.Extensions.Http 3.3.0 from https://api.nuget.org/v3/index.json to /root/.nuget/packages/microsoft.azure.functions.worker.extensions.http/3.3.0 with content hash a1W5bpOQCrYP0kbSJUFrK6PYeQAfg3UXQR+kPdt1YLvWrc/JTaNWyOA1DRKGrvRRo87xSM9NdFZuDULEMAxl4Q==.
#10 9.209 info : Installed Microsoft.Azure.Functions.Worker.Core 1.19.0 from https://api.nuget.org/v3/index.json to /root/.nuget/packages/microsoft.azure.functions.worker.core/1.19.0 with content hash srGJHtJNJRI/cxBkKSZd9+mA8V8nBbsCx3mwFBZKY2M6/EF3mP8EoUosd4W8AjrKOAEXjgXVEp3K0fQyPXcquA==.
#10 9.231 info : Installed Microsoft.Extensions.Logging.Debug 9.0.0 from https://api.nuget.org/v3/index.json to /root/.nuget/packages/microsoft.extensions.logging.debug/9.0.0 with content hash 4wGlHsrLhYjLw4sFkfRixu2w4DK7dv60OjbvgbLGhUJk0eUPxYHhnszZ/P18nnAkfrPryvtOJ3ZTVev0kpqM6A==.
#10 9.293 info : Installed Microsoft.Extensions.Configuration.EnvironmentVariables 9.0.0 from https://api.nuget.org/v3/index.json to /root/.nuget/packages/microsoft.extensions.configuration.environmentvariables/9.0.0 with content hash v5R638eNMxksfXb7MFnkPwLPp+Ym4W/SIGNuoe8qFVVyvygQD5DdLusybmYSJEr9zc1UzWzim/ATKeIOVvOFDg==.
#10 9.293 info : Installed Microsoft.Extensions.Logging.EventLog 9.0.0 from https://api.nuget.org/v3/index.json to /root/.nuget/packages/microsoft.extensions.logging.eventlog/9.0.0 with content hash /B8I5bScondnLMNULA3PBu/7Gvmv/P7L83j7gVrmLh6R+HCgHqUNIwVvzCok4ZjIXN2KxrsONHjFYwoBK5EJgQ==.
#10 9.301 info : Installed Microsoft.Extensions.Logging.Abstractions 9.0.0 from https://api.nuget.org/v3/index.json to /root/.nuget/packages/microsoft.extensions.logging.abstractions/9.0.0 with content hash g0UfujELzlLbHoVG8kPKVBaW470Ewi+jnptGS9KUi6jcb+k2StujtK3m26DFSGGwQ/+bVgZfsWqNzlP6YOejvw==.
#10 9.306 info : Installed Microsoft.Extensions.Diagnostics.Abstractions 9.0.0 from https://api.nuget.org/v3/index.json to /root/.nuget/packages/microsoft.extensions.diagnostics.abstractions/9.0.0 with content hash 1K8P7XzuzX8W8pmXcZjcrqS6x5eSSdvhQohmcpgiQNY/HlDAlnrhR9dvlURfFz428A+RTCJpUyB+aKTA6AgVcQ==.
#10 9.311 info : Installed Azure.Core 1.44.1 from https://api.nuget.org/v3/index.json to /root/.nuget/packages/azure.core/1.44.1 with content hash YyznXLQZCregzHvioip07/BkzjuWNXogJEVz9T5W6TwjNr17ax41YGzYMptlo2G10oLCuVPoyva62y0SIRDixg==.
#10 9.382 info : Installed Grpc.Net.Common 2.65.0 from https://api.nuget.org/v3/index.json to /root/.nuget/packages/grpc.net.common/2.65.0 with content hash XbRegnfDrWoXZJ4GGdJat+KXnmCCkR6XQmWnIZxxIjphyZkWZgI0FN1PtGXU4RZ5a5C85qg1cscz1ju2biVXGg==.
#10 9.390 info : Installed Microsoft.Extensions.Configuration.Binder 9.0.0 from https://api.nuget.org/v3/index.json to /root/.nuget/packages/microsoft.extensions.configuration.binder/9.0.0 with content hash RiScL99DcyngY9zJA2ROrri7Br8tn5N4hP4YNvGdTN/bvg1A3dwvDOxHnNZ3Im7x2SJ5i4LkX1uPiR/MfSFBLQ==.
#10 9.401 info : Installed Microsoft.Extensions.Options.ConfigurationExtensions 9.0.0 from https://api.nuget.org/v3/index.json to /root/.nuget/packages/microsoft.extensions.options.configurationextensions/9.0.0 with content hash Ob3FXsXkcSMQmGZi7qP07EQ39kZpSBlTcAZLbJLdI4FIf0Jug8biv2HTavWmnTirchctPlq9bl/26CXtQRguzA==.
#10 9.415 info : Installed Microsoft.Extensions.FileProviders.Physical 9.0.0 from https://api.nuget.org/v3/index.json to /root/.nuget/packages/microsoft.extensions.fileproviders.physical/9.0.0 with content hash 3+ZUSpOSmie+o8NnLIRqCxSh65XL/ExU7JYnFOg58awDRlY3lVpZ9A369jkoZL1rpsq7LDhEfkn2ghhGaY1y5Q==.
#10 9.427 info : Installed Grpc.Net.ClientFactory 2.65.0 from https://api.nuget.org/v3/index.json to /root/.nuget/packages/grpc.net.clientfactory/2.65.0 with content hash iVJ8/uoaPccipMeyD0uwpbX6lRhFEo4aLJmGhLsdigQWi1tDdf/PHfRNZudX3lqZGuqyxl+wC2CfuApIIKPMhg==.
#10 9.475 info : Installed System.Text.Json 6.0.9 from https://api.nuget.org/v3/index.json to /root/.nuget/packages/system.text.json/6.0.9 with content hash 2j16oUgtIzl7Xtk7demG0i/v5aU/ZvULcAnJvPb63U3ZhXJ494UYcxuEj5Fs49i3XDrk5kU/8I+6l9zRCw3cJw==.
#10 9.490 info : Installed Microsoft.Extensions.Diagnostics 9.0.0 from https://api.nuget.org/v3/index.json to /root/.nuget/packages/microsoft.extensions.diagnostics/9.0.0 with content hash 0CF9ZrNw5RAlRfbZuVIvzzhP8QeWqHiUmMBU/2H7Nmit8/vwP3/SbHeEctth7D4Gz2fBnEbokPc1NU8/j/1ZLw==.
#10 9.490 info : Installed Microsoft.Extensions.Logging.Console 9.0.0 from https://api.nuget.org/v3/index.json to /root/.nuget/packages/microsoft.extensions.logging.console/9.0.0 with content hash yDZ4zsjl7N0K+R/1QTNpXBd79Kaf4qNLHtjk4NaG82UtNg2Z6etJywwv6OarOv3Rp7ocU7uIaRY4CrzHRO/d3w==.
#10 9.501 info : Installed Microsoft.Extensions.DependencyInjection 9.0.0 from https://api.nuget.org/v3/index.json to /root/.nuget/packages/microsoft.extensions.dependencyinjection/9.0.0 with content hash MCPrg7v3QgNMr0vX4vzRXvkNGgLg8vKWX0nKCWUxu2uPyMsaRgiRc1tHBnbTcfJMhMKj2slE/j2M9oGkd25DNw==.
#10 9.588 info : Installed Microsoft.Extensions.Options 9.0.0 from https://api.nuget.org/v3/index.json to /root/.nuget/packages/microsoft.extensions.options/9.0.0 with content hash y2146b3jrPI3Q0lokKXdKLpmXqakYbDIPDV6r3M8SqvSf45WwOTzkyfDpxnZXJsJQEpAsAqjUq5Pu8RCJMjubg==.
#10 9.590 info : Installed Microsoft.Extensions.Configuration.FileExtensions 9.0.0 from https://api.nuget.org/v3/index.json to /root/.nuget/packages/microsoft.extensions.configuration.fileextensions/9.0.0 with content hash 4EK93Jcd2lQG4GY6PAw8jGss0ZzFP0vPc1J85mES5fKNuDTqgFXHba9onBw2s18fs3I4vdo2AWyfD1mPAxWSQQ==.
#10 9.597 info : Installed Microsoft.Azure.Functions.Worker.Sdk 2.0.0 from https://api.nuget.org/v3/index.json to /root/.nuget/packages/microsoft.azure.functions.worker.sdk/2.0.0 with content hash hx54pboEq9js7FAiQxPVHUMq12c9bm4ewSbz8wTJDxEzjye0Fjrd30l+cbp/bYWlqHvNmWem0TuqrvRcrq9DLw==.
#10 9.620 info : Installed Instana.Tracing.Core 1.321.2 from https://api.nuget.org/v3/index.json to /root/.nuget/packages/instana.tracing.core/1.321.2 with content hash gLRwcGSZpjHxy/u7M/Ximcac6yiej+F1OWaoHaXsRA933u0lFJZcifGElMToE/qrQ7QV+Iero9+4BWKc7IHFtg==.
#10 9.644 info : Installed Microsoft.Extensions.Primitives 9.0.0 from https://api.nuget.org/v3/index.json to /root/.nuget/packages/microsoft.extensions.primitives/9.0.0 with content hash N3qEBzmLMYiASUlKxxFIISP4AiwuPTHF5uCh+2CWSwwzAJiIYx0kBJsS30cp1nvhSySFAVi30jecD307jV+8Kg==.
#10 9.655 info : Installed Microsoft.Azure.Functions.Worker.Sdk.Generators 1.3.4 from https://api.nuget.org/v3/index.json to /root/.nuget/packages/microsoft.azure.functions.worker.sdk.generators/1.3.4 with content hash viNRmVxE5Woviu/kQem3M6qujauuRjbgGbnrrYvXNVdck2opsmhcpr8DfZx9hWzkImsAxLUBy9UTVsaeLCX/yw==.
#10 9.666 info : Installed Grpc.Core.Api 2.65.0 from https://api.nuget.org/v3/index.json to /root/.nuget/packages/grpc.core.api/2.65.0 with content hash VHElVX8XpJoaoddHkxhSHrXqn+7k3cZRmAxvZFh0NElkZK5oAT0/QOPM2FJtt5/xIxjQPumz3TOkzrUT6b8V6g==.
#10 9.669 info : Installed System.Diagnostics.EventLog 9.0.0 from https://api.nuget.org/v3/index.json to /root/.nuget/packages/system.diagnostics.eventlog/9.0.0 with content hash qd01+AqPhbAG14KtdtIqFk+cxHQFZ/oqRSCoxU1F+Q6Kv0cl726sl7RzU9yLFGd4BUOKdN4XojXF0pQf/R6YeA==.
#10 9.670 info : Installed System.Text.Json 6.0.10 from https://api.nuget.org/v3/index.json to /root/.nuget/packages/system.text.json/6.0.10 with content hash NSB0kDipxn2ychp88NXWfFRFlmi1bst/xynOutbnpEfRCT9JZkZ7KOmF/I/hNKo2dILiMGnqblm+j1sggdLB9g==.
#10 9.704 info : Installed Microsoft.Extensions.Hosting 9.0.0 from https://api.nuget.org/v3/index.json to /root/.nuget/packages/microsoft.extensions.hosting/9.0.0 with content hash wNmQWRCa83HYbpxQ3wH7xBn8oyGjONSj1k8svzrFUFyJMfg/Ja/g0NfI0p85wxlUxBh97A6ypmL8X5vVUA5y2Q==.
#10 9.719 info : Installed Microsoft.Extensions.Configuration.Abstractions 9.0.0 from https://api.nuget.org/v3/index.json to /root/.nuget/packages/microsoft.extensions.configuration.abstractions/9.0.0 with content hash lqvd7W3FGKUO1+ZoUEMaZ5XDJeWvjpy2/M/ptCGz3tXLD4HWVaSzjufsAsjemasBEg+2SxXVtYVvGt5r2nKDlg==.
#10 9.738 info : Installed Microsoft.Extensions.Logging.Configuration 9.0.0 from https://api.nuget.org/v3/index.json to /root/.nuget/packages/microsoft.extensions.logging.configuration/9.0.0 with content hash H05HiqaNmg6GjH34ocYE9Wm1twm3Oz2aXZko8GTwGBzM7op2brpAA8pJ5yyD1OpS1mXUtModBYOlcZ/wXeWsSg==.
#10 9.749 info : Installed Microsoft.Extensions.Logging 9.0.0 from https://api.nuget.org/v3/index.json to /root/.nuget/packages/microsoft.extensions.logging/9.0.0 with content hash crjWyORoug0kK7RSNJBTeSE6VX8IQgLf3nUpTB9m62bPXp/tzbnOsnbe8TXEG0AASNaKZddnpHKw7fET8E++Pg==.
#10 9.753 info : Installed Microsoft.Extensions.Configuration 9.0.0 from https://api.nuget.org/v3/index.json to /root/.nuget/packages/microsoft.extensions.configuration/9.0.0 with content hash YIMO9T3JL8MeEXgVozKt2v79hquo/EFtnY0vgxmLnUvk1Rei/halI7kOWZL2RBeV9FMGzgM9LZA8CVaNwFMaNA==.
#10 9.809 info : Installed Microsoft.Extensions.Configuration.UserSecrets 9.0.0 from https://api.nuget.org/v3/index.json to /root/.nuget/packages/microsoft.extensions.configuration.usersecrets/9.0.0 with content hash FShWw8OysquwV7wQHYkkz0VWsJSo6ETUu4h7tJRMtnG0uR+tzKOldhcO8xB1pGSOI3Ng6v3N1Q94YO8Rzq1P6A==.
#10 9.820 info : Installed Microsoft.Extensions.FileSystemGlobbing 9.0.0 from https://api.nuget.org/v3/index.json to /root/.nuget/packages/microsoft.extensions.filesystemglobbing/9.0.0 with content hash jGFKZiXs2HNseK3NK/rfwHNNovER71jSj4BD1a/649ml9+h6oEtYd0GSALZDNW8jZ2Rh+oAeadOa6sagYW1F2A==.
#10 9.821 info : Installed Microsoft.Extensions.Logging 6.0.0 from https://api.nuget.org/v3/index.json to /root/.nuget/packages/microsoft.extensions.logging/6.0.0 with content hash eIbyj40QDg1NDz0HBW0S5f3wrLVnKWnDJ/JtZ+yJDFnDj90VoPuoPmFkeaXrtu+0cKm5GRAwoDf+dBWXK0TUdg==.
#10 9.848 info : Installed Grpc.Net.Client 2.65.0 from https://api.nuget.org/v3/index.json to /root/.nuget/packages/grpc.net.client/2.65.0 with content hash ys1Rz7pxV0XR2pm4BVMkm/PrJ2BQu8OXFTvnXzzelTvQ+19OiHbUSb1kSZ2X4V7FziaxrtWY52ssXK3MFjQxbg==.
#10 9.894 info : Installed System.Text.Encodings.Web 6.0.0 from https://api.nuget.org/v3/index.json to /root/.nuget/packages/system.text.encodings.web/6.0.0 with content hash Vg8eB5Tawm1IFqj4TVK1czJX89rhFxJo9ELqc/Eiq0eXy13RK00eubyU6TJE6y+GQXjyV5gSfiewDUZjQgSE0w==.
#10 9.895 info : Installed Microsoft.Azure.Functions.Worker.Extensions.Abstractions 1.3.0 from https://api.nuget.org/v3/index.json to /root/.nuget/packages/microsoft.azure.functions.worker.extensions.abstractions/1.3.0 with content hash +6+/Yb/ouWUweaSQhesbbiIVSmwYEzkSfjIHrBnNqIiCYnx2iLeoYyWjN/wHP3Fnn5COtyDXRDwHKr5A/tCL9Q==.
#10 9.904 info : Installed System.Threading.Tasks.Extensions 4.5.4 from https://api.nuget.org/v3/index.json to /root/.nuget/packages/system.threading.tasks.extensions/4.5.4 with content hash zteT+G8xuGu6mS+mzDzYXbzS7rd3K6Fjb9RiZlYlJPam2/hU7JCBZBVEcywNuR+oZ1ncTvc/cq0faRr3P01OVg==.
#10 9.910 info : Installed System.ClientModel 1.1.0 from https://api.nuget.org/v3/index.json to /root/.nuget/packages/system.clientmodel/1.1.0 with content hash UocOlCkxLZrG2CKMAAImPcldJTxeesHnHGHwhJ0pNlZEvEXcWKuQvVOER2/NiOkJGRJk978SNdw3j6/7O9H1lg==.
#10 9.911 info : Installed System.Memory.Data 1.0.2 from https://api.nuget.org/v3/index.json to /root/.nuget/packages/system.memory.data/1.0.2 with content hash JGkzeqgBsiZwKJZ1IxPNsDFZDhUvuEdX8L8BDC8N3KOj+6zMcNU28CNN59TpZE/VJYy9cP+5M+sbxtWJx3/xtw==.
#10 9.916 info : Installed Microsoft.Bcl.AsyncInterfaces 6.0.0 from https://api.nuget.org/v3/index.json to /root/.nuget/packages/microsoft.bcl.asyncinterfaces/6.0.0 with content hash UcSjPsst+DfAdJGVDsu346FX0ci0ah+lw3WRtn18NUwEqRt70HaOQ7lI72vy3+1LxtqI3T5GWwV39rQSrCzAeg==.
#10 9.942 info : Installed System.Memory.Data 6.0.0 from https://api.nuget.org/v3/index.json to /root/.nuget/packages/system.memory.data/6.0.0 with content hash ntFHArH3I4Lpjf5m4DCXQHJuGwWPNVJPaAvM95Jy/u+2Yzt2ryiyIN04LAogkjP9DeRcEOiviAjQotfmPq/FrQ==.
#10 9.944 info : Installed Microsoft.Extensions.Options 6.0.0 from https://api.nuget.org/v3/index.json to /root/.nuget/packages/microsoft.extensions.options/6.0.0 with content hash dzXN0+V1AyjOe2xcJ86Qbo233KHuLEY0njf/P2Kw8SfJU+d45HNS2ctJdnEnrWbM9Ye2eFgaC5Mj9otRMU6IsQ==.
#10 9.999 info : Installed Microsoft.Extensions.Configuration.Json 9.0.0 from https://api.nuget.org/v3/index.json to /root/.nuget/packages/microsoft.extensions.configuration.json/9.0.0 with content hash WiTK0LrnsqmedrbzwL7f4ZUo+/wByqy2eKab39I380i2rd8ImfCRMrtkqJVGDmfqlkP/YzhckVOwPc5MPrSNpg==.
#10 10.01 info : Installed Microsoft.Extensions.DependencyInjection.Abstractions 6.0.0 from https://api.nuget.org/v3/index.json to /root/.nuget/packages/microsoft.extensions.dependencyinjection.abstractions/6.0.0 with content hash xlzi2IYREJH3/m6+lUrQlujzX8wDitm4QGnUu6kUXTQAWPuZY8i+ticFJbzfqaetLA6KR/rO6Ew/HuYD+bxifg==.
#10 10.02 info : Installed Microsoft.Azure.Functions.Worker.Core 2.0.0 from https://api.nuget.org/v3/index.json to /root/.nuget/packages/microsoft.azure.functions.worker.core/2.0.0 with content hash nzat+mbFtsNQv2QtqzHpGTCmR6LarjyzreNH7+1JZHjSyqntGVDyjBM6xqyv13zOH0swn5I3vJMKgpPlasdqCA==.
#10 10.03 info : Installed Microsoft.Extensions.DependencyInjection.Abstractions 9.0.0 from https://api.nuget.org/v3/index.json to /root/.nuget/packages/microsoft.extensions.dependencyinjection.abstractions/9.0.0 with content hash +6f2qv2a3dLwd5w6JanPIPs47CxRbnk+ZocMJUhv9NxP88VlOcJYZs9jY+MYSjxvady08bUZn6qgiNh7DadGgg==.
#10 10.03 info : Installed System.Numerics.Vectors 4.5.0 from https://api.nuget.org/v3/index.json to /root/.nuget/packages/system.numerics.vectors/4.5.0 with content hash QQTlPTl06J/iiDbJCiepZ4H//BVraReU4O4EoRw1U02H5TLUIT7xn3GnDp9AXPSlJUDyFs4uWjWafNX6WrAojQ==.
#10 10.03 info : Installed System.Runtime.CompilerServices.Unsafe 6.0.0 from https://api.nuget.org/v3/index.json to /root/.nuget/packages/system.runtime.compilerservices.unsafe/6.0.0 with content hash /iUeP3tq1S0XdNNoMz5C9twLSrM/TH+qElHkXWaPvuNOt+99G75NrV0OS2EqHx5wMN7popYjpc8oTjC1y16DLg==.
#10 10.03 info : Installed System.Diagnostics.DiagnosticSource 6.0.1 from https://api.nuget.org/v3/index.json to /root/.nuget/packages/system.diagnostics.diagnosticsource/6.0.1 with content hash KiLYDu2k2J82Q9BJpWiuQqCkFjRBWVq4jDzKKWawVi9KWzyD0XG3cmfX0vqTQlL14Wi9EufJrbL0+KCLTbqWiQ==.
#10 10.05 info : Installed Microsoft.Extensions.Http 6.0.0 from https://api.nuget.org/v3/index.json to /root/.nuget/packages/microsoft.extensions.http/6.0.0 with content hash 15+pa2G0bAMHbHewaQIdr/y6ag2H3yh4rd9hTXavtWDzQBkvpe2RMqFg8BxDpcQWssmjmBApGPcw93QRz6YcMg==.
#10 10.06 info : Installed Microsoft.Extensions.Logging.Abstractions 6.0.0 from https://api.nuget.org/v3/index.json to /root/.nuget/packages/microsoft.extensions.logging.abstractions/6.0.0 with content hash /HggWBbTwy8TgebGSX5DBZ24ndhzi93sHUBDvP1IxbZD7FDokYzdAr6+vbWGjw2XAfR2EJ1sfKUotpjHnFWPxA==.
#10 10.07 info : Installed System.Text.Json 6.0.0 from https://api.nuget.org/v3/index.json to /root/.nuget/packages/system.text.json/6.0.0 with content hash zaJsHfESQvJ11vbXnNlkrR46IaMULk/gHxYsJphzSF+07kTjPHv+Oc14w6QEOfo3Q4hqLJgStUaYB9DBl0TmWg==.
#10 10.07 info : Installed Google.Protobuf 3.28.0 from https://api.nuget.org/v3/index.json to /root/.nuget/packages/google.protobuf/3.28.0 with content hash lVsLcLIHpkOABswgydr0sjkIhSN5XE9C6AgLXxvMsa6pSSJIpmAIPvK/NZpuF+HTB6xp1R8T5nhLausWVOrU/w==.
#10 10.10 info :   GET https://api.nuget.org/v3/vulnerabilities/index.json
#10 10.23 info :   OK https://api.nuget.org/v3/vulnerabilities/index.json 129ms
#10 10.26 info :   GET https://api.nuget.org/v3-vulnerabilities/2026.08.18.05.36.10/vulnerability.base.json
#10 10.27 info :   GET https://api.nuget.org/v3-vulnerabilities/2026.08.18.05.36.10/2026.08.18.05.36.10/vulnerability.update.json
#10 10.39 info :   OK https://api.nuget.org/v3-vulnerabilities/2026.08.18.05.36.10/vulnerability.base.json 135ms
#10 10.41 info :   OK https://api.nuget.org/v3-vulnerabilities/2026.08.18.05.36.10/2026.08.18.05.36.10/vulnerability.update.json 131ms
#10 10.64 info : Package 'Instana.Tracing.Core' is compatible with all the specified frameworks in project 'src/InstanaCrashLab/InstanaCrashLab.csproj'.
#10 11.36 info : PackageReference for package 'Instana.Tracing.Core' version '1.321.2' added to file '/src/src/InstanaCrashLab/InstanaCrashLab.csproj'.
#10 11.40 info : Generating MSBuild file /src/src/InstanaCrashLab/obj/InstanaCrashLab.csproj.nuget.g.props.
#10 11.41 info : Generating MSBuild file /src/src/InstanaCrashLab/obj/InstanaCrashLab.csproj.nuget.g.targets.
#10 11.41 info : Writing assets file to disk. Path: /src/src/InstanaCrashLab/obj/project.assets.json
#10 11.43 log  : Restored /src/src/InstanaCrashLab/InstanaCrashLab.csproj (in 8.04 sec).
#10 12.84   Determining projects to restore...
#10 13.15   Writing /tmp/tmppO9fQB.tmp
#10 13.51 info : X.509 certificate chain validation will use the fallback certificate bundle at '/usr/share/dotnet/sdk/9.0.317/trustedroots/codesignctl.pem'.
#10 13.64 info : X.509 certificate chain validation will use the fallback certificate bundle at '/usr/share/dotnet/sdk/9.0.317/trustedroots/timestampctl.pem'.
#10 13.64 info : Adding PackageReference for package 'Instana.Tracing.Core.Rewriter.Linux' into project 'src/InstanaCrashLab/InstanaCrashLab.csproj'.
#10 13.93 info : Restoring packages for /src/src/InstanaCrashLab/InstanaCrashLab.csproj...
#10 14.13 info :   GET https://api.nuget.org/v3-flatcontainer/instana.tracing.core.rewriter.linux/index.json
#10 14.68 info :   OK https://api.nuget.org/v3-flatcontainer/instana.tracing.core.rewriter.linux/index.json 547ms
#10 14.75 info :   GET https://api.nuget.org/v3-flatcontainer/instana.tracing.core.rewriter.linux/1.321.2/instana.tracing.core.rewriter.linux.1.321.2.nupkg
#10 14.76 info :   OK https://api.nuget.org/v3-flatcontainer/instana.tracing.core.rewriter.linux/1.321.2/instana.tracing.core.rewriter.linux.1.321.2.nupkg 10ms
#10 15.12 info : Installed Instana.Tracing.Core.Rewriter.Linux 1.321.2 from https://api.nuget.org/v3/index.json to /root/.nuget/packages/instana.tracing.core.rewriter.linux/1.321.2 with content hash EpHiFnUDxry2zSMU/Ypf4p+Q0MFQrir3BMZ3Wh1bCj+i69K0hApJEErNI6jD1Ha0Qz63dJPjPGji+z8lHMIGDw==.
#10 15.15 info :   CACHE https://api.nuget.org/v3/vulnerabilities/index.json
#10 15.17 info :   CACHE https://api.nuget.org/v3-vulnerabilities/2026.08.18.05.36.10/vulnerability.base.json
#10 15.19 info :   CACHE https://api.nuget.org/v3-vulnerabilities/2026.08.18.05.36.10/2026.08.18.05.36.10/vulnerability.update.json
#10 15.39 info : Package 'Instana.Tracing.Core.Rewriter.Linux' is compatible with all the specified frameworks in project 'src/InstanaCrashLab/InstanaCrashLab.csproj'.
#10 16.07 info : PackageReference for package 'Instana.Tracing.Core.Rewriter.Linux' version '1.321.2' added to file '/src/src/InstanaCrashLab/InstanaCrashLab.csproj'.
#10 16.09 info : Generating MSBuild file /src/src/InstanaCrashLab/obj/InstanaCrashLab.csproj.nuget.g.props.
#10 16.09 info : Writing assets file to disk. Path: /src/src/InstanaCrashLab/obj/project.assets.json
#10 16.11 log  : Restored /src/src/InstanaCrashLab/InstanaCrashLab.csproj (in 1.54 sec).
#10 DONE 17.0s

#11 [instana-build 5/5] RUN dotnet publish src/InstanaCrashLab/InstanaCrashLab.csproj -c Release -o /out
#11 2.287   Determining projects to restore...
#11 3.553   All projects are up-to-date for restore.
#11 11.17   Determining projects to restore...
#11 24.45   Restored /src/src/InstanaCrashLab/obj/Release/net9.0/WorkerExtensions/WorkerExtensions.csproj (in 13.14 sec).
#11 25.23   WorkerExtensions -> /src/src/InstanaCrashLab/obj/Release/net9.0/WorkerExtensions/buildout/Microsoft.Azure.Functions.Worker.Extensions.dll
#11 27.94   InstanaCrashLab -> /src/src/InstanaCrashLab/bin/Release/net9.0/InstanaCrashLab.dll
#11 28.28   InstanaCrashLab -> /out/
#11 DONE 32.6s

#6 [final 1/2] FROM mcr.microsoft.com/azure-functions/dotnet-isolated:4-dotnet-isolated9.0@sha256:4ba0a8dffed0cfa2445c304fd92e730397b4cb8039eac7b4ac5e4afa07dbcfa9
#6 CACHED

#12 [final 2/2] COPY --from=instana-build /out /home/site/wwwroot
#12 DONE 1.0s

#13 exporting to image
#13 exporting layers
#13 exporting layers 1.4s done
#13 exporting manifest sha256:6f345ea262f3b016b89e18bec8e4894ea08363abd72e0201725c7ef4575a5ec6
#13 exporting manifest sha256:6f345ea262f3b016b89e18bec8e4894ea08363abd72e0201725c7ef4575a5ec6 0.2s done
#13 exporting config sha256:8105d2f40201092094c8673ab9853218bbcef0b414cf921df89dcdb1c7e5a638
#13 exporting config sha256:8105d2f40201092094c8673ab9853218bbcef0b414cf921df89dcdb1c7e5a638 0.1s done
#13 exporting attestation manifest sha256:b5224072d7d4c8d61b99de4beb3a0e55500a0074b769545a754b2242c10684d5
#13 exporting attestation manifest sha256:b5224072d7d4c8d61b99de4beb3a0e55500a0074b769545a754b2242c10684d5 0.5s done
#13 exporting manifest list sha256:39c26dc8fba84b6ae115abbfc631e0b9b4594311c95b351e2de292f772b58493
#13 exporting manifest list sha256:39c26dc8fba84b6ae115abbfc631e0b9b4594311c95b351e2de292f772b58493 0.2s done
#13 naming to docker.io/library/instana-dotnet9-lab:instana
#13 naming to docker.io/library/instana-dotnet9-lab:instana 0.0s done
#13 unpacking to docker.io/library/instana-dotnet9-lab:instana
#13 unpacking to docker.io/library/instana-dotnet9-lab:instana 0.4s done
#13 DONE 3.1s
