#0 building with "default" instance using docker driver

#1 [internal] load build definition from Dockerfile.instana
#1 transferring dockerfile:
#1 transferring dockerfile: 962B done
#1 DONE 0.2s

#2 [internal] load metadata for mcr.microsoft.com/dotnet/sdk:9.0
#2 DONE 0.7s

#3 [internal] load metadata for mcr.microsoft.com/azure-functions/dotnet-isolated:4-dotnet-isolated9.0
#3 DONE 0.7s

#4 [internal] load .dockerignore
#4 transferring context: 2B done
#4 DONE 0.0s

#5 [internal] load build context
#5 DONE 0.0s

#6 [final 1/2] FROM mcr.microsoft.com/azure-functions/dotnet-isolated:4-dotnet-isolated9.0@sha256:4ba0a8dffed0cfa2445c304fd92e730397b4cb8039eac7b4ac5e4afa07dbcfa9
#6 resolve mcr.microsoft.com/azure-functions/dotnet-isolated:4-dotnet-isolated9.0@sha256:4ba0a8dffed0cfa2445c304fd92e730397b4cb8039eac7b4ac5e4afa07dbcfa9 0.1s done
#6 DONE 0.1s

#7 [instana-build 1/5] FROM mcr.microsoft.com/dotnet/sdk:9.0@sha256:35048e3a81e6a07c316e7bbbd80d80d2ba705fe5f23a8ed42b6638c8f4c20d30
#7 resolve mcr.microsoft.com/dotnet/sdk:9.0@sha256:35048e3a81e6a07c316e7bbbd80d80d2ba705fe5f23a8ed42b6638c8f4c20d30
#7 resolve mcr.microsoft.com/dotnet/sdk:9.0@sha256:35048e3a81e6a07c316e7bbbd80d80d2ba705fe5f23a8ed42b6638c8f4c20d30 0.1s done
#7 DONE 0.2s

#6 [final 1/2] FROM mcr.microsoft.com/azure-functions/dotnet-isolated:4-dotnet-isolated9.0@sha256:4ba0a8dffed0cfa2445c304fd92e730397b4cb8039eac7b4ac5e4afa07dbcfa9
#6 CACHED

#8 [instana-build 2/5] WORKDIR /src
#8 CACHED

#5 [internal] load build context
#5 transferring context: 281B done
#5 DONE 0.0s

#9 [instana-build 3/5] COPY src/InstanaCrashLab/ src/InstanaCrashLab/
#9 DONE 0.1s

#10 [instana-build 4/5] RUN dotnet add src/InstanaCrashLab/InstanaCrashLab.csproj package Instana.Tracing.Core --version 1.321.2 &&     dotnet add src/InstanaCrashLab/InstanaCrashLab.csproj package Instana.Tracing.Core.Rewriter.Linux --version 1.321.2
#10 1.578   Determining projects to restore...
#10 1.871   Writing /tmp/tmpaCo28C.tmp
#10 2.167 info : X.509 certificate chain validation will use the fallback certificate bundle at '/usr/share/dotnet/sdk/9.0.317/trustedroots/codesignctl.pem'.
#10 2.265 info : X.509 certificate chain validation will use the fallback certificate bundle at '/usr/share/dotnet/sdk/9.0.317/trustedroots/timestampctl.pem'.
#10 2.279 info : Adding PackageReference for package 'Instana.Tracing.Core' into project 'src/InstanaCrashLab/InstanaCrashLab.csproj'.
#10 2.448 info : Restoring packages for /src/src/InstanaCrashLab/InstanaCrashLab.csproj...
#10 3.255 info :   GET https://api.nuget.org/v3-flatcontainer/microsoft.azure.functions.worker/index.json
#10 3.255 info :   GET https://api.nuget.org/v3-flatcontainer/microsoft.azure.functions.worker.extensions.http/index.json
#10 3.255 info :   GET https://api.nuget.org/v3-flatcontainer/microsoft.azure.functions.worker.sdk/index.json
#10 3.258 info :   GET https://api.nuget.org/v3-flatcontainer/instana.tracing.core/index.json
#10 3.484 info :   OK https://api.nuget.org/v3-flatcontainer/microsoft.azure.functions.worker/index.json 226ms
#10 3.553 info :   GET https://api.nuget.org/v3-flatcontainer/microsoft.azure.functions.worker/2.0.0/microsoft.azure.functions.worker.2.0.0.nupkg
#10 3.623 info :   OK https://api.nuget.org/v3-flatcontainer/microsoft.azure.functions.worker.sdk/index.json 367ms
#10 3.638 info :   GET https://api.nuget.org/v3-flatcontainer/microsoft.azure.functions.worker.sdk/2.0.0/microsoft.azure.functions.worker.sdk.2.0.0.nupkg
#10 3.659 info :   OK https://api.nuget.org/v3-flatcontainer/microsoft.azure.functions.worker/2.0.0/microsoft.azure.functions.worker.2.0.0.nupkg 105ms
#10 3.694 info :   OK https://api.nuget.org/v3-flatcontainer/microsoft.azure.functions.worker.sdk/2.0.0/microsoft.azure.functions.worker.sdk.2.0.0.nupkg 54ms
#10 3.756 info :   GET https://api.nuget.org/v3-flatcontainer/microsoft.azure.functions.worker.core/index.json
#10 3.756 info :   GET https://api.nuget.org/v3-flatcontainer/microsoft.azure.functions.worker.grpc/index.json
#10 3.853 info :   OK https://api.nuget.org/v3-flatcontainer/microsoft.azure.functions.worker.extensions.http/index.json 594ms
#10 3.858 info :   GET https://api.nuget.org/v3-flatcontainer/microsoft.azure.functions.worker.extensions.http/3.3.0/microsoft.azure.functions.worker.extensions.http.3.3.0.nupkg
#10 4.035 info :   OK https://api.nuget.org/v3-flatcontainer/microsoft.azure.functions.worker.extensions.http/3.3.0/microsoft.azure.functions.worker.extensions.http.3.3.0.nupkg 176ms
#10 4.037 info :   OK https://api.nuget.org/v3-flatcontainer/microsoft.azure.functions.worker.core/index.json 281ms
#10 4.064 info :   GET https://api.nuget.org/v3-flatcontainer/microsoft.azure.functions.worker.core/2.0.0/microsoft.azure.functions.worker.core.2.0.0.nupkg
#10 4.156 info :   OK https://api.nuget.org/v3-flatcontainer/microsoft.azure.functions.worker.core/2.0.0/microsoft.azure.functions.worker.core.2.0.0.nupkg 90ms
#10 4.165 info :   OK https://api.nuget.org/v3-flatcontainer/microsoft.azure.functions.worker.grpc/index.json 409ms
#10 4.207 info :   GET https://api.nuget.org/v3-flatcontainer/microsoft.azure.functions.worker.grpc/2.0.0/microsoft.azure.functions.worker.grpc.2.0.0.nupkg
#10 4.210 info :   OK https://api.nuget.org/v3-flatcontainer/instana.tracing.core/index.json 952ms
#10 4.213 info :   GET https://api.nuget.org/v3-flatcontainer/instana.tracing.core/1.321.2/instana.tracing.core.1.321.2.nupkg
#10 4.215 info :   GET https://api.nuget.org/v3-flatcontainer/microsoft.azure.functions.worker.core/1.19.0/microsoft.azure.functions.worker.core.1.19.0.nupkg
#10 4.217 info :   GET https://api.nuget.org/v3-flatcontainer/microsoft.azure.functions.worker.extensions.abstractions/index.json
#10 4.266 info :   OK https://api.nuget.org/v3-flatcontainer/microsoft.azure.functions.worker.grpc/2.0.0/microsoft.azure.functions.worker.grpc.2.0.0.nupkg 56ms
#10 4.266 info :   OK https://api.nuget.org/v3-flatcontainer/microsoft.azure.functions.worker.core/1.19.0/microsoft.azure.functions.worker.core.1.19.0.nupkg 47ms
#10 4.266 info :   OK https://api.nuget.org/v3-flatcontainer/instana.tracing.core/1.321.2/instana.tracing.core.1.321.2.nupkg 51ms
#10 4.694 info :   OK https://api.nuget.org/v3-flatcontainer/microsoft.azure.functions.worker.extensions.abstractions/index.json 472ms
#10 4.710 info :   GET https://api.nuget.org/v3-flatcontainer/microsoft.azure.functions.worker.extensions.abstractions/1.3.0/microsoft.azure.functions.worker.extensions.abstractions.1.3.0.nupkg
#10 4.777 info :   OK https://api.nuget.org/v3-flatcontainer/microsoft.azure.functions.worker.extensions.abstractions/1.3.0/microsoft.azure.functions.worker.extensions.abstractions.1.3.0.nupkg 64ms
#10 5.045 info :   GET https://api.nuget.org/v3-flatcontainer/microsoft.azure.functions.worker.sdk.generators/index.json
#10 5.053 info :   GET https://api.nuget.org/v3-flatcontainer/grpc.net.clientfactory/index.json
#10 5.053 info :   GET https://api.nuget.org/v3-flatcontainer/azure.core/index.json
#10 5.053 info :   GET https://api.nuget.org/v3-flatcontainer/microsoft.extensions.hosting/index.json
#10 5.055 info :   GET https://api.nuget.org/v3-flatcontainer/google.protobuf/index.json
#10 5.067 info :   GET https://api.nuget.org/v3-flatcontainer/microsoft.azure.functions.worker.sdk.analyzers/index.json
#10 5.260 info :   OK https://api.nuget.org/v3-flatcontainer/azure.core/index.json 207ms
#10 5.260 info :   OK https://api.nuget.org/v3-flatcontainer/microsoft.extensions.hosting/index.json 206ms
#10 5.261 info :   GET https://api.nuget.org/v3-flatcontainer/microsoft.extensions.hosting/9.0.0/microsoft.extensions.hosting.9.0.0.nupkg
#10 5.262 info :   GET https://api.nuget.org/v3-flatcontainer/azure.core/1.44.1/azure.core.1.44.1.nupkg
#10 5.295 info :   OK https://api.nuget.org/v3-flatcontainer/microsoft.azure.functions.worker.sdk.generators/index.json 243ms
#10 5.298 info :   OK https://api.nuget.org/v3-flatcontainer/microsoft.extensions.hosting/9.0.0/microsoft.extensions.hosting.9.0.0.nupkg 37ms
#10 5.307 info :   OK https://api.nuget.org/v3-flatcontainer/google.protobuf/index.json 242ms
#10 5.307 info :   GET https://api.nuget.org/v3-flatcontainer/microsoft.azure.functions.worker.sdk.generators/1.3.4/microsoft.azure.functions.worker.sdk.generators.1.3.4.nupkg
#10 5.321 info :   OK https://api.nuget.org/v3-flatcontainer/azure.core/1.44.1/azure.core.1.44.1.nupkg 36ms
#10 5.323 info :   GET https://api.nuget.org/v3-flatcontainer/google.protobuf/3.28.0/google.protobuf.3.28.0.nupkg
#10 5.326 info :   OK https://api.nuget.org/v3-flatcontainer/microsoft.azure.functions.worker.sdk.analyzers/index.json 246ms
#10 5.326 info :   OK https://api.nuget.org/v3-flatcontainer/microsoft.azure.functions.worker.sdk.generators/1.3.4/microsoft.azure.functions.worker.sdk.generators.1.3.4.nupkg 24ms
#10 5.331 info :   GET https://api.nuget.org/v3-flatcontainer/microsoft.azure.functions.worker.sdk.analyzers/1.2.2/microsoft.azure.functions.worker.sdk.analyzers.1.2.2.nupkg
#10 5.352 info :   OK https://api.nuget.org/v3-flatcontainer/google.protobuf/3.28.0/google.protobuf.3.28.0.nupkg 28ms
#10 5.366 info :   OK https://api.nuget.org/v3-flatcontainer/microsoft.azure.functions.worker.sdk.analyzers/1.2.2/microsoft.azure.functions.worker.sdk.analyzers.1.2.2.nupkg 35ms
#10 5.366 info :   OK https://api.nuget.org/v3-flatcontainer/grpc.net.clientfactory/index.json 315ms
#10 5.394 info :   GET https://api.nuget.org/v3-flatcontainer/grpc.net.clientfactory/2.65.0/grpc.net.clientfactory.2.65.0.nupkg
#10 5.423 info :   OK https://api.nuget.org/v3-flatcontainer/grpc.net.clientfactory/2.65.0/grpc.net.clientfactory.2.65.0.nupkg 14ms
#10 5.551 info :   GET https://api.nuget.org/v3-flatcontainer/microsoft.bcl.asyncinterfaces/index.json
#10 5.552 info :   GET https://api.nuget.org/v3-flatcontainer/system.numerics.vectors/index.json
#10 5.553 info :   GET https://api.nuget.org/v3-flatcontainer/system.diagnostics.diagnosticsource/index.json
#10 5.553 info :   GET https://api.nuget.org/v3-flatcontainer/system.clientmodel/index.json
#10 5.553 info :   GET https://api.nuget.org/v3-flatcontainer/system.text.encodings.web/index.json
#10 5.560 info :   GET https://api.nuget.org/v3-flatcontainer/system.memory.data/index.json
#10 5.560 info :   GET https://api.nuget.org/v3-flatcontainer/system.text.json/index.json
#10 5.561 info :   GET https://api.nuget.org/v3-flatcontainer/system.threading.tasks.extensions/index.json
#10 5.562 info :   GET https://api.nuget.org/v3-flatcontainer/microsoft.extensions.configuration.abstractions/index.json
#10 5.562 info :   GET https://api.nuget.org/v3-flatcontainer/microsoft.extensions.configuration.commandline/index.json
#10 5.563 info :   GET https://api.nuget.org/v3-flatcontainer/microsoft.extensions.configuration.binder/index.json
#10 5.563 info :   GET https://api.nuget.org/v3-flatcontainer/microsoft.extensions.configuration.fileextensions/index.json
#10 5.563 info :   GET https://api.nuget.org/v3-flatcontainer/microsoft.extensions.configuration.json/index.json
#10 5.563 info :   GET https://api.nuget.org/v3-flatcontainer/microsoft.extensions.configuration.usersecrets/index.json
#10 5.564 info :   GET https://api.nuget.org/v3-flatcontainer/microsoft.extensions.dependencyinjection.abstractions/index.json
#10 5.564 info :   GET https://api.nuget.org/v3-flatcontainer/microsoft.extensions.dependencyinjection/index.json
#10 5.564 info :   GET https://api.nuget.org/v3-flatcontainer/microsoft.extensions.configuration/index.json
#10 5.564 info :   GET https://api.nuget.org/v3-flatcontainer/microsoft.extensions.configuration.environmentvariables/index.json
#10 5.564 info :   GET https://api.nuget.org/v3-flatcontainer/microsoft.extensions.fileproviders.physical/index.json
#10 5.564 info :   GET https://api.nuget.org/v3-flatcontainer/microsoft.extensions.fileproviders.abstractions/index.json
#10 5.564 info :   GET https://api.nuget.org/v3-flatcontainer/microsoft.extensions.diagnostics/index.json
#10 5.567 info :   GET https://api.nuget.org/v3-flatcontainer/microsoft.extensions.logging.abstractions/index.json
#10 5.568 info :   GET https://api.nuget.org/v3-flatcontainer/microsoft.extensions.logging.console/index.json
#10 5.568 info :   GET https://api.nuget.org/v3-flatcontainer/microsoft.extensions.hosting.abstractions/index.json
#10 5.568 info :   GET https://api.nuget.org/v3-flatcontainer/microsoft.extensions.logging.configuration/index.json
#10 5.568 info :   GET https://api.nuget.org/v3-flatcontainer/microsoft.extensions.logging.debug/index.json
#10 5.570 info :   GET https://api.nuget.org/v3-flatcontainer/microsoft.extensions.logging.eventlog/index.json
#10 5.570 info :   GET https://api.nuget.org/v3-flatcontainer/microsoft.extensions.logging.eventsource/index.json
#10 5.570 info :   GET https://api.nuget.org/v3-flatcontainer/microsoft.extensions.options/index.json
#10 5.570 info :   GET https://api.nuget.org/v3-flatcontainer/grpc.net.client/index.json
#10 5.570 info :   GET https://api.nuget.org/v3-flatcontainer/microsoft.extensions.logging/index.json
#10 5.574 info :   GET https://api.nuget.org/v3-flatcontainer/microsoft.extensions.http/index.json
#10 5.594 info :   OK https://api.nuget.org/v3-flatcontainer/system.text.encodings.web/index.json 40ms
#10 5.599 info :   GET https://api.nuget.org/v3-flatcontainer/system.text.encodings.web/6.0.0/system.text.encodings.web.6.0.0.nupkg
#10 5.626 info :   OK https://api.nuget.org/v3-flatcontainer/system.numerics.vectors/index.json 67ms
#10 5.626 info :   OK https://api.nuget.org/v3-flatcontainer/system.clientmodel/index.json 70ms
#10 5.626 info :   OK https://api.nuget.org/v3-flatcontainer/system.diagnostics.diagnosticsource/index.json 71ms
#10 5.626 info :   GET https://api.nuget.org/v3-flatcontainer/system.clientmodel/1.1.0/system.clientmodel.1.1.0.nupkg
#10 5.626 info :   GET https://api.nuget.org/v3-flatcontainer/system.diagnostics.diagnosticsource/6.0.1/system.diagnostics.diagnosticsource.6.0.1.nupkg
#10 5.626 info :   OK https://api.nuget.org/v3-flatcontainer/microsoft.bcl.asyncinterfaces/index.json 74ms
#10 5.626 info :   GET https://api.nuget.org/v3-flatcontainer/system.numerics.vectors/4.5.0/system.numerics.vectors.4.5.0.nupkg
#10 5.635 info :   OK https://api.nuget.org/v3-flatcontainer/system.memory.data/index.json 75ms
#10 5.635 info :   GET https://api.nuget.org/v3-flatcontainer/microsoft.bcl.asyncinterfaces/6.0.0/microsoft.bcl.asyncinterfaces.6.0.0.nupkg
#10 5.637 info :   GET https://api.nuget.org/v3-flatcontainer/system.memory.data/6.0.0/system.memory.data.6.0.0.nupkg
#10 5.671 info :   OK https://api.nuget.org/v3-flatcontainer/system.text.json/index.json 109ms
#10 5.678 info :   GET https://api.nuget.org/v3-flatcontainer/system.text.json/6.0.10/system.text.json.6.0.10.nupkg
#10 5.687 info :   OK https://api.nuget.org/v3-flatcontainer/system.threading.tasks.extensions/index.json 126ms
#10 5.698 info :   OK https://api.nuget.org/v3-flatcontainer/microsoft.extensions.configuration.binder/index.json 135ms
#10 5.705 info :   GET https://api.nuget.org/v3-flatcontainer/system.threading.tasks.extensions/4.5.4/system.threading.tasks.extensions.4.5.4.nupkg
#10 5.710 info :   OK https://api.nuget.org/v3-flatcontainer/microsoft.extensions.configuration.abstractions/index.json 146ms
#10 5.719 info :   GET https://api.nuget.org/v3-flatcontainer/microsoft.extensions.configuration.binder/9.0.0/microsoft.extensions.configuration.binder.9.0.0.nupkg
#10 5.725 info :   GET https://api.nuget.org/v3-flatcontainer/microsoft.extensions.configuration.abstractions/9.0.0/microsoft.extensions.configuration.abstractions.9.0.0.nupkg
#10 5.755 info :   OK https://api.nuget.org/v3-flatcontainer/microsoft.extensions.configuration.usersecrets/index.json 191ms
#10 5.760 info :   GET https://api.nuget.org/v3-flatcontainer/microsoft.extensions.configuration.usersecrets/9.0.0/microsoft.extensions.configuration.usersecrets.9.0.0.nupkg
#10 5.765 info :   OK https://api.nuget.org/v3-flatcontainer/microsoft.extensions.dependencyinjection.abstractions/index.json 200ms
#10 5.768 info :   GET https://api.nuget.org/v3-flatcontainer/microsoft.extensions.dependencyinjection.abstractions/9.0.0/microsoft.extensions.dependencyinjection.abstractions.9.0.0.nupkg
#10 5.782 info :   OK https://api.nuget.org/v3-flatcontainer/microsoft.extensions.configuration/index.json 217ms
#10 5.785 info :   GET https://api.nuget.org/v3-flatcontainer/microsoft.extensions.configuration/9.0.0/microsoft.extensions.configuration.9.0.0.nupkg
#10 5.792 info :   OK https://api.nuget.org/v3-flatcontainer/microsoft.extensions.configuration.environmentvariables/index.json 227ms
#10 5.795 info :   GET https://api.nuget.org/v3-flatcontainer/microsoft.extensions.configuration.environmentvariables/9.0.0/microsoft.extensions.configuration.environmentvariables.9.0.0.nupkg
#10 5.795 info :   OK https://api.nuget.org/v3-flatcontainer/microsoft.extensions.configuration.commandline/index.json 233ms
#10 5.797 info :   GET https://api.nuget.org/v3-flatcontainer/microsoft.extensions.configuration.commandline/9.0.0/microsoft.extensions.configuration.commandline.9.0.0.nupkg
#10 5.828 info :   OK https://api.nuget.org/v3-flatcontainer/microsoft.extensions.fileproviders.abstractions/index.json 257ms
#10 5.828 info :   OK https://api.nuget.org/v3-flatcontainer/microsoft.extensions.fileproviders.physical/index.json 258ms
#10 5.831 info :   GET https://api.nuget.org/v3-flatcontainer/microsoft.extensions.fileproviders.abstractions/9.0.0/microsoft.extensions.fileproviders.abstractions.9.0.0.nupkg
#10 5.831 info :   GET https://api.nuget.org/v3-flatcontainer/microsoft.extensions.fileproviders.physical/9.0.0/microsoft.extensions.fileproviders.physical.9.0.0.nupkg
#10 5.840 info :   OK https://api.nuget.org/v3-flatcontainer/microsoft.extensions.diagnostics/index.json 273ms
#10 5.840 info :   GET https://api.nuget.org/v3-flatcontainer/microsoft.extensions.diagnostics/9.0.0/microsoft.extensions.diagnostics.9.0.0.nupkg
#10 5.849 info :   OK https://api.nuget.org/v3-flatcontainer/microsoft.extensions.configuration.json/index.json 285ms
#10 5.850 info :   OK https://api.nuget.org/v3-flatcontainer/microsoft.extensions.configuration.fileextensions/index.json 285ms
#10 5.853 info :   GET https://api.nuget.org/v3-flatcontainer/microsoft.extensions.configuration.fileextensions/9.0.0/microsoft.extensions.configuration.fileextensions.9.0.0.nupkg
#10 5.853 info :   GET https://api.nuget.org/v3-flatcontainer/microsoft.extensions.configuration.json/9.0.0/microsoft.extensions.configuration.json.9.0.0.nupkg
#10 5.858 info :   OK https://api.nuget.org/v3-flatcontainer/microsoft.extensions.logging.console/index.json 291ms
#10 5.860 info :   GET https://api.nuget.org/v3-flatcontainer/microsoft.extensions.logging.console/9.0.0/microsoft.extensions.logging.console.9.0.0.nupkg
#10 5.864 info :   OK https://api.nuget.org/v3-flatcontainer/microsoft.extensions.hosting.abstractions/index.json 294ms
#10 5.869 info :   GET https://api.nuget.org/v3-flatcontainer/microsoft.extensions.hosting.abstractions/9.0.0/microsoft.extensions.hosting.abstractions.9.0.0.nupkg
#10 5.902 info :   OK https://api.nuget.org/v3-flatcontainer/microsoft.extensions.dependencyinjection/index.json 336ms
#10 5.902 info :   OK https://api.nuget.org/v3-flatcontainer/microsoft.extensions.logging.debug/index.json 331ms
#10 5.903 info :   GET https://api.nuget.org/v3-flatcontainer/microsoft.extensions.logging.debug/9.0.0/microsoft.extensions.logging.debug.9.0.0.nupkg
#10 5.906 info :   GET https://api.nuget.org/v3-flatcontainer/microsoft.extensions.dependencyinjection/9.0.0/microsoft.extensions.dependencyinjection.9.0.0.nupkg
#10 5.919 info :   OK https://api.nuget.org/v3-flatcontainer/microsoft.extensions.logging.eventlog/index.json 342ms
#10 5.944 info :   GET https://api.nuget.org/v3-flatcontainer/microsoft.extensions.logging.eventlog/9.0.0/microsoft.extensions.logging.eventlog.9.0.0.nupkg
#10 5.944 info :   OK https://api.nuget.org/v3-flatcontainer/microsoft.extensions.logging.configuration/index.json 356ms
#10 5.944 info :   OK https://api.nuget.org/v3-flatcontainer/system.text.encodings.web/6.0.0/system.text.encodings.web.6.0.0.nupkg 326ms
#10 5.944 info :   OK https://api.nuget.org/v3-flatcontainer/system.clientmodel/1.1.0/system.clientmodel.1.1.0.nupkg 301ms
#10 5.944 info :   OK https://api.nuget.org/v3-flatcontainer/microsoft.extensions.options/index.json 357ms
#10 5.944 info :   OK https://api.nuget.org/v3-flatcontainer/microsoft.extensions.logging/index.json 366ms
#10 5.944 info :   GET https://api.nuget.org/v3-flatcontainer/microsoft.extensions.logging.configuration/9.0.0/microsoft.extensions.logging.configuration.9.0.0.nupkg
#10 5.944 info :   GET https://api.nuget.org/v3-flatcontainer/microsoft.extensions.logging/9.0.0/microsoft.extensions.logging.9.0.0.nupkg
#10 5.944 info :   GET https://api.nuget.org/v3-flatcontainer/microsoft.extensions.options/9.0.0/microsoft.extensions.options.9.0.0.nupkg
#10 5.946 info :   OK https://api.nuget.org/v3-flatcontainer/system.numerics.vectors/4.5.0/system.numerics.vectors.4.5.0.nupkg 319ms
#10 5.947 info :   OK https://api.nuget.org/v3-flatcontainer/system.diagnostics.diagnosticsource/6.0.1/system.diagnostics.diagnosticsource.6.0.1.nupkg 320ms
#10 5.985 info :   OK https://api.nuget.org/v3-flatcontainer/system.memory.data/6.0.0/system.memory.data.6.0.0.nupkg 338ms
#10 5.996 info :   OK https://api.nuget.org/v3-flatcontainer/microsoft.extensions.logging.abstractions/index.json 427ms
#10 5.996 info :   OK https://api.nuget.org/v3-flatcontainer/microsoft.bcl.asyncinterfaces/6.0.0/microsoft.bcl.asyncinterfaces.6.0.0.nupkg 358ms
#10 6.010 info :   GET https://api.nuget.org/v3-flatcontainer/microsoft.extensions.logging.abstractions/9.0.0/microsoft.extensions.logging.abstractions.9.0.0.nupkg
#10 6.016 info :   OK https://api.nuget.org/v3-flatcontainer/system.text.json/6.0.10/system.text.json.6.0.10.nupkg 336ms
#10 6.051 info :   OK https://api.nuget.org/v3-flatcontainer/microsoft.extensions.configuration.binder/9.0.0/microsoft.extensions.configuration.binder.9.0.0.nupkg 339ms
#10 6.059 info :   OK https://api.nuget.org/v3-flatcontainer/system.threading.tasks.extensions/4.5.4/system.threading.tasks.extensions.4.5.4.nupkg 346ms
#10 6.062 info :   OK https://api.nuget.org/v3-flatcontainer/microsoft.extensions.configuration.abstractions/9.0.0/microsoft.extensions.configuration.abstractions.9.0.0.nupkg 333ms
#10 6.062 info :   OK https://api.nuget.org/v3-flatcontainer/microsoft.extensions.configuration.usersecrets/9.0.0/microsoft.extensions.configuration.usersecrets.9.0.0.nupkg 295ms
#10 6.079 info :   GET https://api.nuget.org/v3-flatcontainer/system.text.json/6.0.9/system.text.json.6.0.9.nupkg
#10 6.079 info :   GET https://api.nuget.org/v3-flatcontainer/system.memory.data/1.0.2/system.memory.data.1.0.2.nupkg
#10 6.090 info :   OK https://api.nuget.org/v3-flatcontainer/microsoft.extensions.logging.eventsource/index.json 508ms
#10 6.094 info :   OK https://api.nuget.org/v3-flatcontainer/microsoft.extensions.dependencyinjection.abstractions/9.0.0/microsoft.extensions.dependencyinjection.abstractions.9.0.0.nupkg 324ms
#10 6.109 info :   OK https://api.nuget.org/v3-flatcontainer/microsoft.extensions.http/index.json 535ms
#10 6.114 info :   GET https://api.nuget.org/v3-flatcontainer/microsoft.extensions.logging.eventsource/9.0.0/microsoft.extensions.logging.eventsource.9.0.0.nupkg
#10 6.155 info :   GET https://api.nuget.org/v3-flatcontainer/microsoft.extensions.http/6.0.0/microsoft.extensions.http.6.0.0.nupkg
#10 6.160 info :   OK https://api.nuget.org/v3-flatcontainer/microsoft.extensions.configuration/9.0.0/microsoft.extensions.configuration.9.0.0.nupkg 371ms
#10 6.168 info :   GET https://api.nuget.org/v3-flatcontainer/system.text.json/6.0.0/system.text.json.6.0.0.nupkg
#10 6.169 info :   GET https://api.nuget.org/v3-flatcontainer/system.runtime.compilerservices.unsafe/index.json
#10 6.177 info :   OK https://api.nuget.org/v3-flatcontainer/microsoft.extensions.configuration.commandline/9.0.0/microsoft.extensions.configuration.commandline.9.0.0.nupkg 379ms
#10 6.191 info :   OK https://api.nuget.org/v3-flatcontainer/microsoft.extensions.fileproviders.physical/9.0.0/microsoft.extensions.fileproviders.physical.9.0.0.nupkg 346ms
#10 6.191 info :   OK https://api.nuget.org/v3-flatcontainer/grpc.net.client/index.json 619ms
#10 6.210 info :   OK https://api.nuget.org/v3-flatcontainer/microsoft.extensions.fileproviders.abstractions/9.0.0/microsoft.extensions.fileproviders.abstractions.9.0.0.nupkg 379ms
#10 6.231 info :   OK https://api.nuget.org/v3-flatcontainer/microsoft.extensions.configuration.environmentvariables/9.0.0/microsoft.extensions.configuration.environmentvariables.9.0.0.nupkg 421ms
#10 6.231 info :   GET https://api.nuget.org/v3-flatcontainer/grpc.net.client/2.65.0/grpc.net.client.2.65.0.nupkg
#10 6.231 info :   OK https://api.nuget.org/v3-flatcontainer/microsoft.extensions.diagnostics/9.0.0/microsoft.extensions.diagnostics.9.0.0.nupkg 384ms
#10 6.231 info :   OK https://api.nuget.org/v3-flatcontainer/microsoft.extensions.configuration.json/9.0.0/microsoft.extensions.configuration.json.9.0.0.nupkg 371ms
#10 6.231 info :   GET https://api.nuget.org/v3-flatcontainer/microsoft.extensions.primitives/index.json
#10 6.251 info :   OK https://api.nuget.org/v3-flatcontainer/microsoft.extensions.configuration.fileextensions/9.0.0/microsoft.extensions.configuration.fileextensions.9.0.0.nupkg 396ms
#10 6.258 info :   OK https://api.nuget.org/v3-flatcontainer/microsoft.extensions.hosting.abstractions/9.0.0/microsoft.extensions.hosting.abstractions.9.0.0.nupkg 389ms
#10 6.259 info :   OK https://api.nuget.org/v3-flatcontainer/microsoft.extensions.logging.debug/9.0.0/microsoft.extensions.logging.debug.9.0.0.nupkg 353ms
#10 6.274 info :   OK https://api.nuget.org/v3-flatcontainer/microsoft.extensions.logging.console/9.0.0/microsoft.extensions.logging.console.9.0.0.nupkg 414ms
#10 6.284 info :   OK https://api.nuget.org/v3-flatcontainer/microsoft.extensions.logging.configuration/9.0.0/microsoft.extensions.logging.configuration.9.0.0.nupkg 342ms
#10 6.287 info :   OK https://api.nuget.org/v3-flatcontainer/microsoft.extensions.options/9.0.0/microsoft.extensions.options.9.0.0.nupkg 347ms
#10 6.299 info :   OK https://api.nuget.org/v3-flatcontainer/microsoft.extensions.logging.eventlog/9.0.0/microsoft.extensions.logging.eventlog.9.0.0.nupkg 351ms
#10 6.316 info :   OK https://api.nuget.org/v3-flatcontainer/microsoft.extensions.dependencyinjection/9.0.0/microsoft.extensions.dependencyinjection.9.0.0.nupkg 406ms
#10 6.323 info :   OK https://api.nuget.org/v3-flatcontainer/microsoft.extensions.logging/9.0.0/microsoft.extensions.logging.9.0.0.nupkg 377ms
#10 6.338 info :   OK https://api.nuget.org/v3-flatcontainer/microsoft.extensions.logging.abstractions/9.0.0/microsoft.extensions.logging.abstractions.9.0.0.nupkg 337ms
#10 6.355 info :   OK https://api.nuget.org/v3-flatcontainer/microsoft.extensions.logging.eventsource/9.0.0/microsoft.extensions.logging.eventsource.9.0.0.nupkg 241ms
#10 6.360 info :   OK https://api.nuget.org/v3-flatcontainer/microsoft.extensions.http/6.0.0/microsoft.extensions.http.6.0.0.nupkg 202ms
#10 6.417 info :   OK https://api.nuget.org/v3-flatcontainer/system.text.json/6.0.9/system.text.json.6.0.9.nupkg 309ms
#10 6.417 info :   OK https://api.nuget.org/v3-flatcontainer/system.memory.data/1.0.2/system.memory.data.1.0.2.nupkg 311ms
#10 6.417 info :   OK https://api.nuget.org/v3-flatcontainer/system.text.json/6.0.0/system.text.json.6.0.0.nupkg 223ms
#10 6.454 info :   OK https://api.nuget.org/v3-flatcontainer/grpc.net.client/2.65.0/grpc.net.client.2.65.0.nupkg 231ms
#10 6.458 info :   GET https://api.nuget.org/v3-flatcontainer/microsoft.extensions.diagnostics.abstractions/index.json
#10 6.458 info :   GET https://api.nuget.org/v3-flatcontainer/microsoft.extensions.filesystemglobbing/index.json
#10 6.459 info :   GET https://api.nuget.org/v3-flatcontainer/microsoft.extensions.options.configurationextensions/index.json
#10 6.514 info :   OK https://api.nuget.org/v3-flatcontainer/microsoft.extensions.primitives/index.json 288ms
#10 6.516 info :   GET https://api.nuget.org/v3-flatcontainer/microsoft.extensions.primitives/9.0.0/microsoft.extensions.primitives.9.0.0.nupkg
#10 6.539 info :   GET https://api.nuget.org/v3-flatcontainer/system.diagnostics.eventlog/index.json
#10 6.551 info :   OK https://api.nuget.org/v3-flatcontainer/microsoft.extensions.options.configurationextensions/index.json 90ms
#10 6.560 info :   GET https://api.nuget.org/v3-flatcontainer/microsoft.extensions.options.configurationextensions/9.0.0/microsoft.extensions.options.configurationextensions.9.0.0.nupkg
#10 6.574 info :   OK https://api.nuget.org/v3-flatcontainer/microsoft.extensions.diagnostics.abstractions/index.json 103ms
#10 6.574 info :   GET https://api.nuget.org/v3-flatcontainer/microsoft.extensions.diagnostics.abstractions/9.0.0/microsoft.extensions.diagnostics.abstractions.9.0.0.nupkg
#10 6.589 info :   OK https://api.nuget.org/v3-flatcontainer/microsoft.extensions.primitives/9.0.0/microsoft.extensions.primitives.9.0.0.nupkg 35ms
#10 6.599 info :   OK https://api.nuget.org/v3-flatcontainer/microsoft.extensions.options.configurationextensions/9.0.0/microsoft.extensions.options.configurationextensions.9.0.0.nupkg 38ms
#10 6.599 info :   OK https://api.nuget.org/v3-flatcontainer/microsoft.extensions.diagnostics.abstractions/9.0.0/microsoft.extensions.diagnostics.abstractions.9.0.0.nupkg 34ms
#10 6.605 info :   OK https://api.nuget.org/v3-flatcontainer/system.runtime.compilerservices.unsafe/index.json 425ms
#10 6.609 info :   GET https://api.nuget.org/v3-flatcontainer/system.runtime.compilerservices.unsafe/6.0.0/system.runtime.compilerservices.unsafe.6.0.0.nupkg
#10 6.614 info :   GET https://api.nuget.org/v3-flatcontainer/grpc.net.common/index.json
#10 6.615 info :   GET https://api.nuget.org/v3-flatcontainer/microsoft.extensions.options/6.0.0/microsoft.extensions.options.6.0.0.nupkg
#10 6.615 info :   GET https://api.nuget.org/v3-flatcontainer/microsoft.extensions.dependencyinjection.abstractions/6.0.0/microsoft.extensions.dependencyinjection.abstractions.6.0.0.nupkg
#10 6.615 info :   GET https://api.nuget.org/v3-flatcontainer/microsoft.extensions.logging/6.0.0/microsoft.extensions.logging.6.0.0.nupkg
#10 6.615 info :   GET https://api.nuget.org/v3-flatcontainer/microsoft.extensions.logging.abstractions/6.0.0/microsoft.extensions.logging.abstractions.6.0.0.nupkg
#10 6.619 info :   OK https://api.nuget.org/v3-flatcontainer/system.runtime.compilerservices.unsafe/6.0.0/system.runtime.compilerservices.unsafe.6.0.0.nupkg 10ms
#10 6.636 info :   OK https://api.nuget.org/v3-flatcontainer/microsoft.extensions.dependencyinjection.abstractions/6.0.0/microsoft.extensions.dependencyinjection.abstractions.6.0.0.nupkg 20ms
#10 6.636 info :   OK https://api.nuget.org/v3-flatcontainer/microsoft.extensions.logging.abstractions/6.0.0/microsoft.extensions.logging.abstractions.6.0.0.nupkg 20ms
#10 6.638 info :   OK https://api.nuget.org/v3-flatcontainer/microsoft.extensions.options/6.0.0/microsoft.extensions.options.6.0.0.nupkg 24ms
#10 6.643 info :   OK https://api.nuget.org/v3-flatcontainer/microsoft.extensions.logging/6.0.0/microsoft.extensions.logging.6.0.0.nupkg 27ms
#10 6.648 info :   OK https://api.nuget.org/v3-flatcontainer/system.diagnostics.eventlog/index.json 109ms
#10 6.649 info :   GET https://api.nuget.org/v3-flatcontainer/system.diagnostics.eventlog/9.0.0/system.diagnostics.eventlog.9.0.0.nupkg
#10 6.671 info :   OK https://api.nuget.org/v3-flatcontainer/system.diagnostics.eventlog/9.0.0/system.diagnostics.eventlog.9.0.0.nupkg 21ms
#10 6.680 info :   OK https://api.nuget.org/v3-flatcontainer/microsoft.extensions.filesystemglobbing/index.json 219ms
#10 6.680 info :   GET https://api.nuget.org/v3-flatcontainer/microsoft.extensions.filesystemglobbing/9.0.0/microsoft.extensions.filesystemglobbing.9.0.0.nupkg
#10 6.754 info :   OK https://api.nuget.org/v3-flatcontainer/microsoft.extensions.filesystemglobbing/9.0.0/microsoft.extensions.filesystemglobbing.9.0.0.nupkg 69ms
#10 6.831 info :   OK https://api.nuget.org/v3-flatcontainer/grpc.net.common/index.json 217ms
#10 6.836 info :   GET https://api.nuget.org/v3-flatcontainer/grpc.net.common/2.65.0/grpc.net.common.2.65.0.nupkg
#10 6.843 info :   OK https://api.nuget.org/v3-flatcontainer/grpc.net.common/2.65.0/grpc.net.common.2.65.0.nupkg 7ms
#10 6.860 info :   GET https://api.nuget.org/v3-flatcontainer/grpc.core.api/index.json
#10 7.060 info :   OK https://api.nuget.org/v3-flatcontainer/grpc.core.api/index.json 200ms
#10 7.063 info :   GET https://api.nuget.org/v3-flatcontainer/grpc.core.api/2.65.0/grpc.core.api.2.65.0.nupkg
#10 7.081 info :   OK https://api.nuget.org/v3-flatcontainer/grpc.core.api/2.65.0/grpc.core.api.2.65.0.nupkg 16ms
#10 7.933 info : Installed Microsoft.Azure.Functions.Worker.Sdk.Analyzers 1.2.2 from https://api.nuget.org/v3/index.json to /root/.nuget/packages/microsoft.azure.functions.worker.sdk.analyzers/1.2.2 with content hash v+GWIfC2Or3nxriew6JLT0yRGmhqYI84ALLqbQSyj/j9Z6ZQi2dh9iO9i3jmHAqiVFmIC2Aing/0eYQ0pObU4w==.
#10 7.934 info : Installed Microsoft.Extensions.Configuration.FileExtensions 9.0.0 from https://api.nuget.org/v3/index.json to /root/.nuget/packages/microsoft.extensions.configuration.fileextensions/9.0.0 with content hash 4EK93Jcd2lQG4GY6PAw8jGss0ZzFP0vPc1J85mES5fKNuDTqgFXHba9onBw2s18fs3I4vdo2AWyfD1mPAxWSQQ==.
#10 7.964 info : Installed Microsoft.Extensions.Configuration 9.0.0 from https://api.nuget.org/v3/index.json to /root/.nuget/packages/microsoft.extensions.configuration/9.0.0 with content hash YIMO9T3JL8MeEXgVozKt2v79hquo/EFtnY0vgxmLnUvk1Rei/halI7kOWZL2RBeV9FMGzgM9LZA8CVaNwFMaNA==.
#10 7.989 info : Installed Microsoft.Azure.Functions.Worker.Sdk.Generators 1.3.4 from https://api.nuget.org/v3/index.json to /root/.nuget/packages/microsoft.azure.functions.worker.sdk.generators/1.3.4 with content hash viNRmVxE5Woviu/kQem3M6qujauuRjbgGbnrrYvXNVdck2opsmhcpr8DfZx9hWzkImsAxLUBy9UTVsaeLCX/yw==.
#10 8.005 info : Installed Grpc.Net.Client 2.65.0 from https://api.nuget.org/v3/index.json to /root/.nuget/packages/grpc.net.client/2.65.0 with content hash ys1Rz7pxV0XR2pm4BVMkm/PrJ2BQu8OXFTvnXzzelTvQ+19OiHbUSb1kSZ2X4V7FziaxrtWY52ssXK3MFjQxbg==.
#10 8.035 info : Installed Microsoft.Extensions.Hosting.Abstractions 9.0.0 from https://api.nuget.org/v3/index.json to /root/.nuget/packages/microsoft.extensions.hosting.abstractions/9.0.0 with content hash yUKJgu81ExjvqbNWqZKshBbLntZMbMVz/P7Way2SBx7bMqA08Mfdc9O7hWDKAiSp+zPUGT6LKcSCQIPeDK+CCw==.
#10 8.078 info : Installed Microsoft.Extensions.Logging.Console 9.0.0 from https://api.nuget.org/v3/index.json to /root/.nuget/packages/microsoft.extensions.logging.console/9.0.0 with content hash yDZ4zsjl7N0K+R/1QTNpXBd79Kaf4qNLHtjk4NaG82UtNg2Z6etJywwv6OarOv3Rp7ocU7uIaRY4CrzHRO/d3w==.
#10 8.085 info : Installed System.Text.Json 6.0.10 from https://api.nuget.org/v3/index.json to /root/.nuget/packages/system.text.json/6.0.10 with content hash NSB0kDipxn2ychp88NXWfFRFlmi1bst/xynOutbnpEfRCT9JZkZ7KOmF/I/hNKo2dILiMGnqblm+j1sggdLB9g==.
#10 8.087 info : Installed Microsoft.Extensions.FileProviders.Physical 9.0.0 from https://api.nuget.org/v3/index.json to /root/.nuget/packages/microsoft.extensions.fileproviders.physical/9.0.0 with content hash 3+ZUSpOSmie+o8NnLIRqCxSh65XL/ExU7JYnFOg58awDRlY3lVpZ9A369jkoZL1rpsq7LDhEfkn2ghhGaY1y5Q==.
#10 8.089 info : Installed Microsoft.Azure.Functions.Worker.Core 2.0.0 from https://api.nuget.org/v3/index.json to /root/.nuget/packages/microsoft.azure.functions.worker.core/2.0.0 with content hash nzat+mbFtsNQv2QtqzHpGTCmR6LarjyzreNH7+1JZHjSyqntGVDyjBM6xqyv13zOH0swn5I3vJMKgpPlasdqCA==.
#10 8.092 info : Installed Microsoft.Extensions.Options 9.0.0 from https://api.nuget.org/v3/index.json to /root/.nuget/packages/microsoft.extensions.options/9.0.0 with content hash y2146b3jrPI3Q0lokKXdKLpmXqakYbDIPDV6r3M8SqvSf45WwOTzkyfDpxnZXJsJQEpAsAqjUq5Pu8RCJMjubg==.
#10 8.108 info : Installed Microsoft.Extensions.Configuration.Json 9.0.0 from https://api.nuget.org/v3/index.json to /root/.nuget/packages/microsoft.extensions.configuration.json/9.0.0 with content hash WiTK0LrnsqmedrbzwL7f4ZUo+/wByqy2eKab39I380i2rd8ImfCRMrtkqJVGDmfqlkP/YzhckVOwPc5MPrSNpg==.
#10 8.110 info : Installed Microsoft.Extensions.Primitives 9.0.0 from https://api.nuget.org/v3/index.json to /root/.nuget/packages/microsoft.extensions.primitives/9.0.0 with content hash N3qEBzmLMYiASUlKxxFIISP4AiwuPTHF5uCh+2CWSwwzAJiIYx0kBJsS30cp1nvhSySFAVi30jecD307jV+8Kg==.
#10 8.141 info : Installed System.Text.Json 6.0.9 from https://api.nuget.org/v3/index.json to /root/.nuget/packages/system.text.json/6.0.9 with content hash 2j16oUgtIzl7Xtk7demG0i/v5aU/ZvULcAnJvPb63U3ZhXJ494UYcxuEj5Fs49i3XDrk5kU/8I+6l9zRCw3cJw==.
#10 8.166 info : Installed Microsoft.Azure.Functions.Worker.Core 1.19.0 from https://api.nuget.org/v3/index.json to /root/.nuget/packages/microsoft.azure.functions.worker.core/1.19.0 with content hash srGJHtJNJRI/cxBkKSZd9+mA8V8nBbsCx3mwFBZKY2M6/EF3mP8EoUosd4W8AjrKOAEXjgXVEp3K0fQyPXcquA==.
#10 8.180 info : Installed Microsoft.Extensions.FileSystemGlobbing 9.0.0 from https://api.nuget.org/v3/index.json to /root/.nuget/packages/microsoft.extensions.filesystemglobbing/9.0.0 with content hash jGFKZiXs2HNseK3NK/rfwHNNovER71jSj4BD1a/649ml9+h6oEtYd0GSALZDNW8jZ2Rh+oAeadOa6sagYW1F2A==.
#10 8.183 info : Installed Microsoft.Extensions.DependencyInjection.Abstractions 9.0.0 from https://api.nuget.org/v3/index.json to /root/.nuget/packages/microsoft.extensions.dependencyinjection.abstractions/9.0.0 with content hash +6f2qv2a3dLwd5w6JanPIPs47CxRbnk+ZocMJUhv9NxP88VlOcJYZs9jY+MYSjxvady08bUZn6qgiNh7DadGgg==.
#10 8.211 info : Installed Microsoft.Extensions.Logging.EventLog 9.0.0 from https://api.nuget.org/v3/index.json to /root/.nuget/packages/microsoft.extensions.logging.eventlog/9.0.0 with content hash /B8I5bScondnLMNULA3PBu/7Gvmv/P7L83j7gVrmLh6R+HCgHqUNIwVvzCok4ZjIXN2KxrsONHjFYwoBK5EJgQ==.
#10 8.242 info : Installed Microsoft.Azure.Functions.Worker 2.0.0 from https://api.nuget.org/v3/index.json to /root/.nuget/packages/microsoft.azure.functions.worker/2.0.0 with content hash vK0+XApQq2vDSbJxqrflliGLVILRl66gMfZrlv8yemGKdoh2KI7l4zQPW8ibCThznC2PEMp60+a1D3wp09ZXEg==.
#10 8.257 info : Installed Microsoft.Extensions.Logging.Abstractions 9.0.0 from https://api.nuget.org/v3/index.json to /root/.nuget/packages/microsoft.extensions.logging.abstractions/9.0.0 with content hash g0UfujELzlLbHoVG8kPKVBaW470Ewi+jnptGS9KUi6jcb+k2StujtK3m26DFSGGwQ/+bVgZfsWqNzlP6YOejvw==.
#10 8.381 info : Installed Microsoft.Extensions.Configuration.Binder 9.0.0 from https://api.nuget.org/v3/index.json to /root/.nuget/packages/microsoft.extensions.configuration.binder/9.0.0 with content hash RiScL99DcyngY9zJA2ROrri7Br8tn5N4hP4YNvGdTN/bvg1A3dwvDOxHnNZ3Im7x2SJ5i4LkX1uPiR/MfSFBLQ==.
#10 8.422 info : Installed Microsoft.Extensions.Configuration.UserSecrets 9.0.0 from https://api.nuget.org/v3/index.json to /root/.nuget/packages/microsoft.extensions.configuration.usersecrets/9.0.0 with content hash FShWw8OysquwV7wQHYkkz0VWsJSo6ETUu4h7tJRMtnG0uR+tzKOldhcO8xB1pGSOI3Ng6v3N1Q94YO8Rzq1P6A==.
#10 8.502 info : Installed Microsoft.Extensions.Diagnostics.Abstractions 9.0.0 from https://api.nuget.org/v3/index.json to /root/.nuget/packages/microsoft.extensions.diagnostics.abstractions/9.0.0 with content hash 1K8P7XzuzX8W8pmXcZjcrqS6x5eSSdvhQohmcpgiQNY/HlDAlnrhR9dvlURfFz428A+RTCJpUyB+aKTA6AgVcQ==.
#10 8.512 info : Installed Microsoft.Extensions.Logging.Debug 9.0.0 from https://api.nuget.org/v3/index.json to /root/.nuget/packages/microsoft.extensions.logging.debug/9.0.0 with content hash 4wGlHsrLhYjLw4sFkfRixu2w4DK7dv60OjbvgbLGhUJk0eUPxYHhnszZ/P18nnAkfrPryvtOJ3ZTVev0kpqM6A==.
#10 8.560 info : Installed System.ClientModel 1.1.0 from https://api.nuget.org/v3/index.json to /root/.nuget/packages/system.clientmodel/1.1.0 with content hash UocOlCkxLZrG2CKMAAImPcldJTxeesHnHGHwhJ0pNlZEvEXcWKuQvVOER2/NiOkJGRJk978SNdw3j6/7O9H1lg==.
#10 8.560 info : Installed Grpc.Net.ClientFactory 2.65.0 from https://api.nuget.org/v3/index.json to /root/.nuget/packages/grpc.net.clientfactory/2.65.0 with content hash iVJ8/uoaPccipMeyD0uwpbX6lRhFEo4aLJmGhLsdigQWi1tDdf/PHfRNZudX3lqZGuqyxl+wC2CfuApIIKPMhg==.
#10 8.567 info : Installed Microsoft.Extensions.FileProviders.Abstractions 9.0.0 from https://api.nuget.org/v3/index.json to /root/.nuget/packages/microsoft.extensions.fileproviders.abstractions/9.0.0 with content hash uK439QzYR0q2emLVtYzwyK3x+T5bTY4yWsd/k/ZUS9LR6Sflp8MIdhGXW8kQCd86dQD4tLqvcbLkku8qHY263Q==.
#10 8.595 info : Installed Microsoft.Extensions.Logging.EventSource 9.0.0 from https://api.nuget.org/v3/index.json to /root/.nuget/packages/microsoft.extensions.logging.eventsource/9.0.0 with content hash zvSjdOAb3HW3aJPM5jf+PR9UoIkoci9id80RXmBgrDEozWI0GDw8tdmpyZgZSwFDvGCwHFodFLNQaeH8879rlA==.
#10 8.624 info : Installed Microsoft.Azure.Functions.Worker.Extensions.Http 3.3.0 from https://api.nuget.org/v3/index.json to /root/.nuget/packages/microsoft.azure.functions.worker.extensions.http/3.3.0 with content hash a1W5bpOQCrYP0kbSJUFrK6PYeQAfg3UXQR+kPdt1YLvWrc/JTaNWyOA1DRKGrvRRo87xSM9NdFZuDULEMAxl4Q==.
#10 8.678 info : Installed Microsoft.Extensions.DependencyInjection 9.0.0 from https://api.nuget.org/v3/index.json to /root/.nuget/packages/microsoft.extensions.dependencyinjection/9.0.0 with content hash MCPrg7v3QgNMr0vX4vzRXvkNGgLg8vKWX0nKCWUxu2uPyMsaRgiRc1tHBnbTcfJMhMKj2slE/j2M9oGkd25DNw==.
#10 8.692 info : Installed Grpc.Net.Common 2.65.0 from https://api.nuget.org/v3/index.json to /root/.nuget/packages/grpc.net.common/2.65.0 with content hash XbRegnfDrWoXZJ4GGdJat+KXnmCCkR6XQmWnIZxxIjphyZkWZgI0FN1PtGXU4RZ5a5C85qg1cscz1ju2biVXGg==.
#10 8.705 info : Installed Microsoft.Extensions.Diagnostics 9.0.0 from https://api.nuget.org/v3/index.json to /root/.nuget/packages/microsoft.extensions.diagnostics/9.0.0 with content hash 0CF9ZrNw5RAlRfbZuVIvzzhP8QeWqHiUmMBU/2H7Nmit8/vwP3/SbHeEctth7D4Gz2fBnEbokPc1NU8/j/1ZLw==.
#10 8.734 info : Installed Grpc.Core.Api 2.65.0 from https://api.nuget.org/v3/index.json to /root/.nuget/packages/grpc.core.api/2.65.0 with content hash VHElVX8XpJoaoddHkxhSHrXqn+7k3cZRmAxvZFh0NElkZK5oAT0/QOPM2FJtt5/xIxjQPumz3TOkzrUT6b8V6g==.
#10 8.750 info : Installed Google.Protobuf 3.28.0 from https://api.nuget.org/v3/index.json to /root/.nuget/packages/google.protobuf/3.28.0 with content hash lVsLcLIHpkOABswgydr0sjkIhSN5XE9C6AgLXxvMsa6pSSJIpmAIPvK/NZpuF+HTB6xp1R8T5nhLausWVOrU/w==.
#10 8.773 info : Installed Azure.Core 1.44.1 from https://api.nuget.org/v3/index.json to /root/.nuget/packages/azure.core/1.44.1 with content hash YyznXLQZCregzHvioip07/BkzjuWNXogJEVz9T5W6TwjNr17ax41YGzYMptlo2G10oLCuVPoyva62y0SIRDixg==.
#10 8.837 info : Installed Microsoft.Extensions.Configuration.Abstractions 9.0.0 from https://api.nuget.org/v3/index.json to /root/.nuget/packages/microsoft.extensions.configuration.abstractions/9.0.0 with content hash lqvd7W3FGKUO1+ZoUEMaZ5XDJeWvjpy2/M/ptCGz3tXLD4HWVaSzjufsAsjemasBEg+2SxXVtYVvGt5r2nKDlg==.
#10 8.921 info : Installed Microsoft.Extensions.Logging.Configuration 9.0.0 from https://api.nuget.org/v3/index.json to /root/.nuget/packages/microsoft.extensions.logging.configuration/9.0.0 with content hash H05HiqaNmg6GjH34ocYE9Wm1twm3Oz2aXZko8GTwGBzM7op2brpAA8pJ5yyD1OpS1mXUtModBYOlcZ/wXeWsSg==.
#10 8.939 info : Installed Microsoft.Extensions.Http 6.0.0 from https://api.nuget.org/v3/index.json to /root/.nuget/packages/microsoft.extensions.http/6.0.0 with content hash 15+pa2G0bAMHbHewaQIdr/y6ag2H3yh4rd9hTXavtWDzQBkvpe2RMqFg8BxDpcQWssmjmBApGPcw93QRz6YcMg==.
#10 8.942 info : Installed System.Text.Encodings.Web 6.0.0 from https://api.nuget.org/v3/index.json to /root/.nuget/packages/system.text.encodings.web/6.0.0 with content hash Vg8eB5Tawm1IFqj4TVK1czJX89rhFxJo9ELqc/Eiq0eXy13RK00eubyU6TJE6y+GQXjyV5gSfiewDUZjQgSE0w==.
#10 8.958 info : Installed Microsoft.Bcl.AsyncInterfaces 6.0.0 from https://api.nuget.org/v3/index.json to /root/.nuget/packages/microsoft.bcl.asyncinterfaces/6.0.0 with content hash UcSjPsst+DfAdJGVDsu346FX0ci0ah+lw3WRtn18NUwEqRt70HaOQ7lI72vy3+1LxtqI3T5GWwV39rQSrCzAeg==.
#10 8.980 info : Installed System.Runtime.CompilerServices.Unsafe 6.0.0 from https://api.nuget.org/v3/index.json to /root/.nuget/packages/system.runtime.compilerservices.unsafe/6.0.0 with content hash /iUeP3tq1S0XdNNoMz5C9twLSrM/TH+qElHkXWaPvuNOt+99G75NrV0OS2EqHx5wMN7popYjpc8oTjC1y16DLg==.
#10 9.002 info : Installed Microsoft.Azure.Functions.Worker.Grpc 2.0.0 from https://api.nuget.org/v3/index.json to /root/.nuget/packages/microsoft.azure.functions.worker.grpc/2.0.0 with content hash NiOm+1EWQy7fz1kl08hCmIym2L36jREXXvQPao75zh7Tx7UCpV2IoH/BxmssWaGJPpup9cyKg3NsXEVFhc7qkQ==.
#10 9.011 info : Installed System.Threading.Tasks.Extensions 4.5.4 from https://api.nuget.org/v3/index.json to /root/.nuget/packages/system.threading.tasks.extensions/4.5.4 with content hash zteT+G8xuGu6mS+mzDzYXbzS7rd3K6Fjb9RiZlYlJPam2/hU7JCBZBVEcywNuR+oZ1ncTvc/cq0faRr3P01OVg==.
#10 9.026 info : Installed Microsoft.Extensions.DependencyInjection.Abstractions 6.0.0 from https://api.nuget.org/v3/index.json to /root/.nuget/packages/microsoft.extensions.dependencyinjection.abstractions/6.0.0 with content hash xlzi2IYREJH3/m6+lUrQlujzX8wDitm4QGnUu6kUXTQAWPuZY8i+ticFJbzfqaetLA6KR/rO6Ew/HuYD+bxifg==.
#10 9.031 info : Installed Microsoft.Extensions.Logging 9.0.0 from https://api.nuget.org/v3/index.json to /root/.nuget/packages/microsoft.extensions.logging/9.0.0 with content hash crjWyORoug0kK7RSNJBTeSE6VX8IQgLf3nUpTB9m62bPXp/tzbnOsnbe8TXEG0AASNaKZddnpHKw7fET8E++Pg==.
#10 9.034 info : Installed Microsoft.Extensions.Configuration.EnvironmentVariables 9.0.0 from https://api.nuget.org/v3/index.json to /root/.nuget/packages/microsoft.extensions.configuration.environmentvariables/9.0.0 with content hash v5R638eNMxksfXb7MFnkPwLPp+Ym4W/SIGNuoe8qFVVyvygQD5DdLusybmYSJEr9zc1UzWzim/ATKeIOVvOFDg==.
#10 9.034 info : Installed System.Memory.Data 6.0.0 from https://api.nuget.org/v3/index.json to /root/.nuget/packages/system.memory.data/6.0.0 with content hash ntFHArH3I4Lpjf5m4DCXQHJuGwWPNVJPaAvM95Jy/u+2Yzt2ryiyIN04LAogkjP9DeRcEOiviAjQotfmPq/FrQ==.
#10 9.045 info : Installed Microsoft.Azure.Functions.Worker.Extensions.Abstractions 1.3.0 from https://api.nuget.org/v3/index.json to /root/.nuget/packages/microsoft.azure.functions.worker.extensions.abstractions/1.3.0 with content hash +6+/Yb/ouWUweaSQhesbbiIVSmwYEzkSfjIHrBnNqIiCYnx2iLeoYyWjN/wHP3Fnn5COtyDXRDwHKr5A/tCL9Q==.
#10 9.053 info : Installed System.Numerics.Vectors 4.5.0 from https://api.nuget.org/v3/index.json to /root/.nuget/packages/system.numerics.vectors/4.5.0 with content hash QQTlPTl06J/iiDbJCiepZ4H//BVraReU4O4EoRw1U02H5TLUIT7xn3GnDp9AXPSlJUDyFs4uWjWafNX6WrAojQ==.
#10 9.089 info : Installed Microsoft.Extensions.Options 6.0.0 from https://api.nuget.org/v3/index.json to /root/.nuget/packages/microsoft.extensions.options/6.0.0 with content hash dzXN0+V1AyjOe2xcJ86Qbo233KHuLEY0njf/P2Kw8SfJU+d45HNS2ctJdnEnrWbM9Ye2eFgaC5Mj9otRMU6IsQ==.
#10 9.109 info : Installed System.Diagnostics.EventLog 9.0.0 from https://api.nuget.org/v3/index.json to /root/.nuget/packages/system.diagnostics.eventlog/9.0.0 with content hash qd01+AqPhbAG14KtdtIqFk+cxHQFZ/oqRSCoxU1F+Q6Kv0cl726sl7RzU9yLFGd4BUOKdN4XojXF0pQf/R6YeA==.
#10 9.116 info : Installed Microsoft.Extensions.Hosting 9.0.0 from https://api.nuget.org/v3/index.json to /root/.nuget/packages/microsoft.extensions.hosting/9.0.0 with content hash wNmQWRCa83HYbpxQ3wH7xBn8oyGjONSj1k8svzrFUFyJMfg/Ja/g0NfI0p85wxlUxBh97A6ypmL8X5vVUA5y2Q==.
#10 9.116 info : Installed Microsoft.Extensions.Configuration.CommandLine 9.0.0 from https://api.nuget.org/v3/index.json to /root/.nuget/packages/microsoft.extensions.configuration.commandline/9.0.0 with content hash qD+hdkBtR9Ps7AxfhTJCnoVakkadHgHlD1WRN0QHGHod+SDuca1ao1kF4G2rmpAz2AEKrE2N2vE8CCCZ+ILnNw==.
#10 9.129 info : Installed Microsoft.Extensions.Options.ConfigurationExtensions 9.0.0 from https://api.nuget.org/v3/index.json to /root/.nuget/packages/microsoft.extensions.options.configurationextensions/9.0.0 with content hash Ob3FXsXkcSMQmGZi7qP07EQ39kZpSBlTcAZLbJLdI4FIf0Jug8biv2HTavWmnTirchctPlq9bl/26CXtQRguzA==.
#10 9.138 info : Installed Microsoft.Extensions.Logging.Abstractions 6.0.0 from https://api.nuget.org/v3/index.json to /root/.nuget/packages/microsoft.extensions.logging.abstractions/6.0.0 with content hash /HggWBbTwy8TgebGSX5DBZ24ndhzi93sHUBDvP1IxbZD7FDokYzdAr6+vbWGjw2XAfR2EJ1sfKUotpjHnFWPxA==.
#10 9.143 info : Installed Instana.Tracing.Core 1.321.2 from https://api.nuget.org/v3/index.json to /root/.nuget/packages/instana.tracing.core/1.321.2 with content hash gLRwcGSZpjHxy/u7M/Ximcac6yiej+F1OWaoHaXsRA933u0lFJZcifGElMToE/qrQ7QV+Iero9+4BWKc7IHFtg==.
#10 9.146 info : Installed System.Text.Json 6.0.0 from https://api.nuget.org/v3/index.json to /root/.nuget/packages/system.text.json/6.0.0 with content hash zaJsHfESQvJ11vbXnNlkrR46IaMULk/gHxYsJphzSF+07kTjPHv+Oc14w6QEOfo3Q4hqLJgStUaYB9DBl0TmWg==.
#10 9.166 info : Installed System.Diagnostics.DiagnosticSource 6.0.1 from https://api.nuget.org/v3/index.json to /root/.nuget/packages/system.diagnostics.diagnosticsource/6.0.1 with content hash KiLYDu2k2J82Q9BJpWiuQqCkFjRBWVq4jDzKKWawVi9KWzyD0XG3cmfX0vqTQlL14Wi9EufJrbL0+KCLTbqWiQ==.
#10 9.169 info : Installed System.Memory.Data 1.0.2 from https://api.nuget.org/v3/index.json to /root/.nuget/packages/system.memory.data/1.0.2 with content hash JGkzeqgBsiZwKJZ1IxPNsDFZDhUvuEdX8L8BDC8N3KOj+6zMcNU28CNN59TpZE/VJYy9cP+5M+sbxtWJx3/xtw==.
#10 9.174 info : Installed Microsoft.Extensions.Logging 6.0.0 from https://api.nuget.org/v3/index.json to /root/.nuget/packages/microsoft.extensions.logging/6.0.0 with content hash eIbyj40QDg1NDz0HBW0S5f3wrLVnKWnDJ/JtZ+yJDFnDj90VoPuoPmFkeaXrtu+0cKm5GRAwoDf+dBWXK0TUdg==.
#10 9.275 info : Installed Microsoft.Azure.Functions.Worker.Sdk 2.0.0 from https://api.nuget.org/v3/index.json to /root/.nuget/packages/microsoft.azure.functions.worker.sdk/2.0.0 with content hash hx54pboEq9js7FAiQxPVHUMq12c9bm4ewSbz8wTJDxEzjye0Fjrd30l+cbp/bYWlqHvNmWem0TuqrvRcrq9DLw==.
#10 9.293 info :   GET https://api.nuget.org/v3/vulnerabilities/index.json
#10 9.423 info :   OK https://api.nuget.org/v3/vulnerabilities/index.json 128ms
#10 9.438 info :   GET https://api.nuget.org/v3-vulnerabilities/2026.08.18.05.36.10/vulnerability.base.json
#10 9.439 info :   GET https://api.nuget.org/v3-vulnerabilities/2026.08.18.05.36.10/2026.08.18.05.36.10/vulnerability.update.json
#10 9.567 info :   OK https://api.nuget.org/v3-vulnerabilities/2026.08.18.05.36.10/2026.08.18.05.36.10/vulnerability.update.json 127ms
#10 9.567 info :   OK https://api.nuget.org/v3-vulnerabilities/2026.08.18.05.36.10/vulnerability.base.json 129ms
#10 9.778 info : Package 'Instana.Tracing.Core' is compatible with all the specified frameworks in project 'src/InstanaCrashLab/InstanaCrashLab.csproj'.
#10 10.35 info : PackageReference for package 'Instana.Tracing.Core' version '1.321.2' added to file '/src/src/InstanaCrashLab/InstanaCrashLab.csproj'.
#10 10.40 info : Generating MSBuild file /src/src/InstanaCrashLab/obj/InstanaCrashLab.csproj.nuget.g.props.
#10 10.40 info : Generating MSBuild file /src/src/InstanaCrashLab/obj/InstanaCrashLab.csproj.nuget.g.targets.
#10 10.41 info : Writing assets file to disk. Path: /src/src/InstanaCrashLab/obj/project.assets.json
#10 10.42 log  : Restored /src/src/InstanaCrashLab/InstanaCrashLab.csproj (in 7.36 sec).
#10 11.58   Determining projects to restore...
#10 11.88   Writing /tmp/tmpQOancc.tmp
#10 12.15 info : X.509 certificate chain validation will use the fallback certificate bundle at '/usr/share/dotnet/sdk/9.0.317/trustedroots/codesignctl.pem'.
#10 12.27 info : X.509 certificate chain validation will use the fallback certificate bundle at '/usr/share/dotnet/sdk/9.0.317/trustedroots/timestampctl.pem'.
#10 12.27 info : Adding PackageReference for package 'Instana.Tracing.Core.Rewriter.Linux' into project 'src/InstanaCrashLab/InstanaCrashLab.csproj'.
#10 12.52 info : Restoring packages for /src/src/InstanaCrashLab/InstanaCrashLab.csproj...
#10 12.70 info :   GET https://api.nuget.org/v3-flatcontainer/instana.tracing.core.rewriter.linux/index.json
#10 13.26 info :   OK https://api.nuget.org/v3-flatcontainer/instana.tracing.core.rewriter.linux/index.json 547ms
#10 13.31 info :   GET https://api.nuget.org/v3-flatcontainer/instana.tracing.core.rewriter.linux/1.321.2/instana.tracing.core.rewriter.linux.1.321.2.nupkg
#10 13.33 info :   OK https://api.nuget.org/v3-flatcontainer/instana.tracing.core.rewriter.linux/1.321.2/instana.tracing.core.rewriter.linux.1.321.2.nupkg 19ms
#10 13.58 info : Installed Instana.Tracing.Core.Rewriter.Linux 1.321.2 from https://api.nuget.org/v3/index.json to /root/.nuget/packages/instana.tracing.core.rewriter.linux/1.321.2 with content hash EpHiFnUDxry2zSMU/Ypf4p+Q0MFQrir3BMZ3Wh1bCj+i69K0hApJEErNI6jD1Ha0Qz63dJPjPGji+z8lHMIGDw==.
#10 13.61 info :   CACHE https://api.nuget.org/v3/vulnerabilities/index.json
#10 13.63 info :   CACHE https://api.nuget.org/v3-vulnerabilities/2026.08.18.05.36.10/vulnerability.base.json
#10 13.65 info :   CACHE https://api.nuget.org/v3-vulnerabilities/2026.08.18.05.36.10/2026.08.18.05.36.10/vulnerability.update.json
#10 13.81 info : Package 'Instana.Tracing.Core.Rewriter.Linux' is compatible with all the specified frameworks in project 'src/InstanaCrashLab/InstanaCrashLab.csproj'.
#10 14.41 info : PackageReference for package 'Instana.Tracing.Core.Rewriter.Linux' version '1.321.2' added to file '/src/src/InstanaCrashLab/InstanaCrashLab.csproj'.
#10 14.43 info : Generating MSBuild file /src/src/InstanaCrashLab/obj/InstanaCrashLab.csproj.nuget.g.props.
#10 14.43 info : Writing assets file to disk. Path: /src/src/InstanaCrashLab/obj/project.assets.json
#10 14.44 log  : Restored /src/src/InstanaCrashLab/InstanaCrashLab.csproj (in 1.39 sec).
#10 DONE 15.3s

#11 [instana-build 5/5] RUN dotnet publish src/InstanaCrashLab/InstanaCrashLab.csproj -c Release -o /out
#11 2.154   Determining projects to restore...
#11 3.307   All projects are up-to-date for restore.
#11 9.979   Determining projects to restore...
#11 21.99   Restored /src/src/InstanaCrashLab/obj/Release/net9.0/WorkerExtensions/WorkerExtensions.csproj (in 11.9 sec).
#11 22.79   WorkerExtensions -> /src/src/InstanaCrashLab/obj/Release/net9.0/WorkerExtensions/buildout/Microsoft.Azure.Functions.Worker.Extensions.dll
#11 25.62   InstanaCrashLab -> /src/src/InstanaCrashLab/bin/Release/net9.0/InstanaCrashLab.dll
#11 25.98   InstanaCrashLab -> /out/
#11 DONE 30.1s

#12 [final 2/2] COPY --from=instana-build /out /home/site/wwwroot
#12 DONE 0.6s

#13 exporting to image
#13 exporting layers
#13 exporting layers 1.1s done
#13 exporting manifest sha256:852e9b32f62253d088fee9bf377d8b1ac3f390a6404b8be7139a64bc90c00776 0.1s done
#13 exporting config sha256:609f62307a1f808e4c6b30ef367cd98919ca46f284b8b102ba8c0d097f640856 0.1s done
#13 exporting attestation manifest sha256:2221c191833e1cbd507d8d4d6e4d2fdddae7f0958eb3c32eb68022d5c71abcf2 0.1s done
#13 exporting manifest list sha256:e4690c424728a32c90de7a4b4d55eb8f4e7641b19b8852ddfa1b3b4ff511649f
#13 exporting manifest list sha256:e4690c424728a32c90de7a4b4d55eb8f4e7641b19b8852ddfa1b3b4ff511649f 0.1s done
#13 naming to docker.io/library/instana-dotnet9-lab:instana 0.0s done
#13 unpacking to docker.io/library/instana-dotnet9-lab:instana
#13 unpacking to docker.io/library/instana-dotnet9-lab:instana 0.6s done
#13 DONE 2.3s
