#0 building with "default" instance using docker driver

#1 [internal] load build definition from Dockerfile.matrix-clean
#1 transferring dockerfile: 490B done
#1 DONE 0.1s

#2 [internal] load metadata for mcr.microsoft.com/dotnet/sdk:9.0
#2 DONE 0.1s

#3 [internal] load metadata for mcr.microsoft.com/azure-functions/dotnet-isolated:4-dotnet-isolated9.0
#3 DONE 0.1s

#4 [internal] load .dockerignore
#4 transferring context: 34B done
#4 DONE 0.1s

#5 [internal] load build context
#5 DONE 0.0s

#6 [stage-1 1/2] FROM mcr.microsoft.com/azure-functions/dotnet-isolated:4-dotnet-isolated9.0@sha256:4ba0a8dffed0cfa2445c304fd92e730397b4cb8039eac7b4ac5e4afa07dbcfa9
#6 resolve mcr.microsoft.com/azure-functions/dotnet-isolated:4-dotnet-isolated9.0@sha256:4ba0a8dffed0cfa2445c304fd92e730397b4cb8039eac7b4ac5e4afa07dbcfa9
#6 ...

#7 [build 1/4] FROM mcr.microsoft.com/dotnet/sdk:9.0@sha256:35048e3a81e6a07c316e7bbbd80d80d2ba705fe5f23a8ed42b6638c8f4c20d30
#7 resolve mcr.microsoft.com/dotnet/sdk:9.0@sha256:35048e3a81e6a07c316e7bbbd80d80d2ba705fe5f23a8ed42b6638c8f4c20d30 0.2s done
#7 DONE 0.2s

#8 [build 2/4] WORKDIR /src
#8 CACHED

#6 [stage-1 1/2] FROM mcr.microsoft.com/azure-functions/dotnet-isolated:4-dotnet-isolated9.0@sha256:4ba0a8dffed0cfa2445c304fd92e730397b4cb8039eac7b4ac5e4afa07dbcfa9
#6 resolve mcr.microsoft.com/azure-functions/dotnet-isolated:4-dotnet-isolated9.0@sha256:4ba0a8dffed0cfa2445c304fd92e730397b4cb8039eac7b4ac5e4afa07dbcfa9 0.2s done
#6 DONE 0.2s

#5 [internal] load build context
#5 transferring context: 2.40kB done
#5 DONE 0.1s

#9 [build 3/4] COPY src/variants/A1/ src/InstanaCrashLab/
#9 DONE 0.2s

#10 [build 4/4] RUN dotnet publish src/InstanaCrashLab/InstanaCrashLab.csproj -c Release -o /out
#10 2.126   Determining projects to restore...
#10 10.84   Restored /src/src/InstanaCrashLab/InstanaCrashLab.csproj (in 7.99 sec).
#10 17.83   Determining projects to restore...
#10 31.14   Restored /src/src/InstanaCrashLab/obj/Release/net9.0/WorkerExtensions/WorkerExtensions.csproj (in 13.2 sec).
#10 31.83   WorkerExtensions -> /src/src/InstanaCrashLab/obj/Release/net9.0/WorkerExtensions/buildout/Microsoft.Azure.Functions.Worker.Extensions.dll
#10 34.60   InstanaCrashLab -> /src/src/InstanaCrashLab/bin/Release/net9.0/InstanaCrashLab.dll
#10 34.72   InstanaCrashLab -> /out/
#10 DONE 42.2s

#6 [stage-1 1/2] FROM mcr.microsoft.com/azure-functions/dotnet-isolated:4-dotnet-isolated9.0@sha256:4ba0a8dffed0cfa2445c304fd92e730397b4cb8039eac7b4ac5e4afa07dbcfa9
#6 CACHED

#11 [stage-1 2/2] COPY --from=build /out /home/site/wwwroot
#11 DONE 0.4s

#12 exporting to image
#12 exporting layers
#12 exporting layers 0.7s done
#12 exporting manifest sha256:94ceebb6653e5bf053d35411a82c6a094cf7ba129863720e6882b66e0ca828ce 0.1s done
#12 exporting config sha256:08725256039f8fd7e9352b94966cd6c7b71c1d87772e2e61765d676d61143bb0
#12 exporting config sha256:08725256039f8fd7e9352b94966cd6c7b71c1d87772e2e61765d676d61143bb0 0.1s done
#12 exporting attestation manifest sha256:147ee0b64fb9cd7c09dd641459d573a025f5a527d1852531ad272b194f3572e2
#12 exporting attestation manifest sha256:147ee0b64fb9cd7c09dd641459d573a025f5a527d1852531ad272b194f3572e2 0.2s done
#12 exporting manifest list sha256:9b5c68082c27cd9d12af8a704186183237fce3bb05a4a9c415a05e2df260efba
#12 exporting manifest list sha256:9b5c68082c27cd9d12af8a704186183237fce3bb05a4a9c415a05e2df260efba 0.1s done
#12 naming to docker.io/library/instana-dotnet9-lab:phase16-a1-clean 0.0s done
#12 unpacking to docker.io/library/instana-dotnet9-lab:phase16-a1-clean
#12 unpacking to docker.io/library/instana-dotnet9-lab:phase16-a1-clean 0.3s done
#12 DONE 1.8s
